Component: ARM Compiler 5.06 update 5 (build 528) Tool: armlink [4d35e2]

==============================================================================

Section Cross References

    main.o(i.change_color) refers to main.o(i.__ARM_common_switch8) for __ARM_common_switch8
    main.o(i.initialize_board) refers to main.o(i.LED_init) for LED_init
    main.o(i.initialize_board) refers to main.o(i.board_LED_init) for board_LED_init
    main.o(i.initialize_board) refers to main.o(i.switch_init) for switch_init
    main.o(i.main) refers to main.o(i.initialize_board) for initialize_board
    main.o(i.main) refers to main.o(i.set_LEDs) for set_LEDs
    led_frdm-kl25z.o(i.LED_Initialize) refers to led_frdm-kl25z.o(.constdata) for led_port
    led_frdm-kl25z.o(i.LED_Off) refers to led_frdm-kl25z.o(.constdata) for led_pin
    led_frdm-kl25z.o(i.LED_On) refers to led_frdm-kl25z.o(.constdata) for led_pin
    led_frdm-kl25z.o(i.LED_SetOut) refers to led_frdm-kl25z.o(i.LED_On) for LED_On
    led_frdm-kl25z.o(i.LED_SetOut) refers to led_frdm-kl25z.o(i.LED_Off) for LED_Off
    rtx_conf_cm.o(.emb_text) refers to rt_cmsis.o(i.osKernelInitialize) for osKernelInitialize
    rtx_conf_cm.o(.emb_text) refers to rt_cmsis.o(i.osThreadCreate) for osThreadCreate
    rtx_conf_cm.o(.emb_text) refers to rt_cmsis.o(i.osKernelStart) for osKernelStart
    rtx_conf_cm.o(.emb_text) refers to exit.o(.text) for exit
    rtx_conf_cm.o(.emb_text) refers to rtx_conf_cm.o(.constdata) for os_thread_def_main
    rtx_conf_cm.o(i.__user_perthread_libspace) refers to rt_task.o(i.rt_tsk_self) for rt_tsk_self
    rtx_conf_cm.o(i.__user_perthread_libspace) refers to rt_cmsis.o(.data) for os_running
    rtx_conf_cm.o(i.__user_perthread_libspace) refers to rtx_conf_cm.o(.bss) for .bss
    rtx_conf_cm.o(i.__user_perthread_libspace) refers to libspace.o(.bss) for __libspace_start
    rtx_conf_cm.o(i._mutex_acquire) refers to rt_cmsis.o(.data) for os_running
    rtx_conf_cm.o(i._mutex_acquire) refers to rt_mutex.o(i.rt_mut_wait) for rt_mut_wait
    rtx_conf_cm.o(i._mutex_initialize) refers to rt_mutex.o(i.rt_mut_init) for rt_mut_init
    rtx_conf_cm.o(i._mutex_initialize) refers to rtx_conf_cm.o(.data) for .data
    rtx_conf_cm.o(i._mutex_initialize) refers to rtx_conf_cm.o(.bss) for .bss
    rtx_conf_cm.o(i._mutex_release) refers to rt_cmsis.o(.data) for os_running
    rtx_conf_cm.o(i._mutex_release) refers to rt_mutex.o(i.rt_mut_release) for rt_mut_release
    rtx_conf_cm.o(.constdata) refers to rt_cmsis.o(i.osTimerThread) for osTimerThread
    rtx_conf_cm.o(.constdata) refers to rtx_conf_cm.o(.bss) for os_messageQ_q_osTimerMessageQ
    rtx_conf_cm.o(.constdata) refers to main.o(i.main) for main
    startup_mkl25z4.o(STACK) refers (Special) to heapauxi.o(.text) for __use_two_region_memory
    startup_mkl25z4.o(HEAP) refers (Special) to heapauxi.o(.text) for __use_two_region_memory
    startup_mkl25z4.o(RESET) refers (Special) to heapauxi.o(.text) for __use_two_region_memory
    startup_mkl25z4.o(RESET) refers to startup_mkl25z4.o(STACK) for __initial_sp
    startup_mkl25z4.o(RESET) refers to startup_mkl25z4.o(.text) for Reset_Handler
    startup_mkl25z4.o(RESET) refers to hal_cm0.o(.emb_text) for SVC_Handler
    startup_mkl25z4.o(.ARM.__at_0x400) refers (Special) to heapauxi.o(.text) for __use_two_region_memory
    startup_mkl25z4.o(.text) refers (Special) to heapauxi.o(.text) for __use_two_region_memory
    startup_mkl25z4.o(.text) refers to system_mkl25z4.o(i.SystemInit) for SystemInit
    startup_mkl25z4.o(.text) refers to __main.o(!!!main) for __main
    startup_mkl25z4.o(.text) refers to startup_mkl25z4.o(HEAP) for Heap_Mem
    startup_mkl25z4.o(.text) refers to startup_mkl25z4.o(STACK) for Stack_Mem
    system_mkl25z4.o(i.SystemCoreClockUpdate) refers to aeabi_sdiv.o(.text) for __aeabi_uidivmod
    system_mkl25z4.o(i.SystemCoreClockUpdate) refers to main.o(i.__ARM_common_switch8) for __ARM_common_switch8
    system_mkl25z4.o(i.SystemCoreClockUpdate) refers to system_mkl25z4.o(.data) for SystemCoreClock
    rt_cmsis.o(i.isrMessageGet) refers to rt_mailbox.o(i.isr_mbx_receive) for isr_mbx_receive
    rt_cmsis.o(i.isrMessagePut) refers to rt_mailbox.o(i.rt_mbx_check) for rt_mbx_check
    rt_cmsis.o(i.isrMessagePut) refers to rt_mailbox.o(i.isr_mbx_send) for isr_mbx_send
    rt_cmsis.o(i.isrSemaphoreRelease) refers to rt_cmsis.o(i.rt_id2obj) for rt_id2obj
    rt_cmsis.o(i.isrSemaphoreRelease) refers to rt_semaphore.o(i.isr_sem_send) for isr_sem_send
    rt_cmsis.o(i.isrSignalSet) refers to rt_cmsis.o(i.rt_tid2ptcb) for rt_tid2ptcb
    rt_cmsis.o(i.isrSignalSet) refers to rt_event.o(i.isr_evt_set) for isr_evt_set
    rt_cmsis.o(i.osDelay) refers to rt_cmsis.o(i.svcDelay) for svcDelay
    rt_cmsis.o(i.osKernelInitialize) refers to rt_cmsis.o(i.svcKernelInitialize) for svcKernelInitialize
    rt_cmsis.o(i.osKernelRunning) refers to rt_cmsis.o(i.svcKernelRunning) for svcKernelRunning
    rt_cmsis.o(i.osKernelRunning) refers to rt_cmsis.o(.data) for .data
[...]
    rtexit.o(.ARM.exidx) refers (Special) to rtexit2.o(.ARM.Collect$$rtexit$$00000002) for __rt_exit_prels_1
    rtexit.o(.ARM.exidx) refers to rtexit.o(.ARM.Collect$$rtexit$$00000000) for .ARM.Collect$$rtexit$$00000000
    aeabi_idiv0_sigfpe.o(.text) refers to rt_div0.o(.text) for __rt_div0
    aeabi_ldiv0_sigfpe.o(.text) refers to rt_div0.o(.text) for __rt_div0
    __rtentry2.o(.ARM.Collect$$rtentry$$00000008) refers to boardinit2.o(.text) for _platform_post_stackheap_init
    __rtentry2.o(.ARM.Collect$$rtentry$$0000000A) refers to libinit.o(.ARM.Collect$$libinit$$00000000) for __rt_lib_init
    __rtentry2.o(.ARM.Collect$$rtentry$$0000000B) refers to rtx_conf_cm.o(.emb_text) for _platform_post_lib_init
    __rtentry2.o(.ARM.Collect$$rtentry$$0000000D) refers to main.o(i.main) for main
    __rtentry2.o(.ARM.Collect$$rtentry$$0000000D) refers to exit.o(.text) for exit
    __rtentry2.o(.ARM.exidx) refers to __rtentry2.o(.ARM.Collect$$rtentry$$00000001) for .ARM.Collect$$rtentry$$00000001
    __rtentry2.o(.ARM.exidx) refers to __rtentry2.o(.ARM.Collect$$rtentry$$00000008) for .ARM.Collect$$rtentry$$00000008
    __rtentry2.o(.ARM.exidx) refers to __rtentry2.o(.ARM.Collect$$rtentry$$0000000A) for .ARM.Collect$$rtentry$$0000000A
    __rtentry2.o(.ARM.exidx) refers to __rtentry2.o(.ARM.Collect$$rtentry$$0000000B) for .ARM.Collect$$rtentry$$0000000B
    __rtentry2.o(.ARM.exidx) refers to __rtentry2.o(.ARM.Collect$$rtentry$$0000000D) for .ARM.Collect$$rtentry$$0000000D
    __rtentry4.o(.ARM.Collect$$rtentry$$00000004) refers to sys_stackheap_outer.o(.text) for __user_setup_stackheap
    __rtentry4.o(.ARM.exidx) refers to __rtentry4.o(.ARM.Collect$$rtentry$$00000004) for .ARM.Collect$$rtentry$$00000004
    rtexit2.o(.ARM.Collect$$rtexit$$00000003) refers to libshutdown.o(.ARM.Collect$$libshutdown$$00000000) for __rt_lib_shutdown
    rtexit2.o(.ARM.Collect$$rtexit$$00000004) refers to sys_exit.o(.text) for _sys_exit
    rtexit2.o(.ARM.exidx) refers to rtexit2.o(.ARM.Collect$$rtexit$$00000001) for .ARM.Collect$$rtexit$$00000001
    rtexit2.o(.ARM.exidx) refers to rtexit2.o(.ARM.Collect$$rtexit$$00000003) for .ARM.Collect$$rtexit$$00000003
    rtexit2.o(.ARM.exidx) refers to rtexit2.o(.ARM.Collect$$rtexit$$00000004) for .ARM.Collect$$rtexit$$00000004
    rt_div0.o(.text) refers to defsig_fpe_outer.o(.text) for __rt_SIGFPE
    sys_exit.o(.text) refers (Special) to use_no_semi.o(.text) for __I$use$semihosting
    sys_exit.o(.text) refers (Special) to indicate_semi.o(.text) for __semihosting_library_function
    sys_stackheap_outer.o(.text) refers to libspace.o(.text) for __user_perproc_libspace
    sys_stackheap_outer.o(.text) refers to startup_mkl25z4.o(.text) for __user_initial_stackheap
    sys_stackheap_outer.o(__vectab_stack_and_reset_area) refers to tempstk.o(.text) for __temporary_stack_top
    sys_stackheap_outer.o(__vectab_stack_and_reset_area) refers to __main.o(!!!main) for __main
    defsig_fpe_outer.o(.text) refers to defsig_fpe_inner.o(.text) for __rt_SIGFPE_inner
    defsig_fpe_outer.o(.text) refers to defsig_exit.o(.text) for __sig_exit
    defsig_fpe_formal.o(.text) refers to rt_raise.o(.text) for __rt_raise
    libinit.o(.ARM.Collect$$libinit$$00000000) refers (Special) to libinit2.o(.ARM.Collect$$libinit$$0000002E) for __rt_lib_init_alloca_1
    libinit.o(.ARM.Collect$$libinit$$00000000) refers (Special) to libinit2.o(.ARM.Collect$$libinit$$0000002C) for __rt_lib_init_argv_1
    libinit.o(.ARM.Collect$$libinit$$00000000) refers (Special) to libinit2.o(.ARM.Collect$$libinit$$0000001B) for __rt_lib_init_atexit_1
    libinit.o(.ARM.Collect$$libinit$$00000000) refers (Special) to libinit2.o(.ARM.Collect$$libinit$$00000021) for __rt_lib_init_clock_1
    libinit.o(.ARM.Collect$$libinit$$00000000) refers (Special) to libinit2.o(.ARM.Collect$$libinit$$00000032) for __rt_lib_init_cpp_1
    libinit.o(.ARM.Collect$$libinit$$00000000) refers (Special) to libinit2.o(.ARM.Collect$$libinit$$00000030) for __rt_lib_init_exceptions_1
    libinit.o(.ARM.Collect$$libinit$$00000000) refers (Special) to libinit2.o(.ARM.Collect$$libinit$$00000002) for __rt_lib_init_fp_1
    libinit.o(.ARM.Collect$$libinit$$00000000) refers (Special) to libinit2.o(.ARM.Collect$$libinit$$0000001F) for __rt_lib_init_fp_trap_1
    libinit.o(.ARM.Collect$$libinit$$00000000) refers (Special) to libinit2.o(.ARM.Collect$$libinit$$00000023) for __rt_lib_init_getenv_1
    libinit.o(.ARM.Collect$$libinit$$00000000) refers (Special) to libinit2.o(.ARM.Collect$$libinit$$0000000A) for __rt_lib_init_heap_1
    libinit.o(.ARM.Collect$$libinit$$00000000) refers (Special) to libinit2.o(.ARM.Collect$$libinit$$00000011) for __rt_lib_init_lc_collate_1
    libinit.o(.ARM.Collect$$libinit$$00000000) refers (Special) to libinit2.o(.ARM.Collect$$libinit$$00000013) for __rt_lib_init_lc_ctype_1
    libinit.o(.ARM.Collect$$libinit$$00000000) refers (Special) to libinit2.o(.ARM.Collect$$libinit$$00000015) for __rt_lib_init_lc_monetary_1
    libinit.o(.ARM.Collect$$libinit$$00000000) refers (Special) to libinit2.o(.ARM.Collect$$libinit$$00000017) for __rt_lib_init_lc_numeric_1
    libinit.o(.ARM.Collect$$libinit$$00000000) refers (Special) to libinit2.o(.ARM.Collect$$libinit$$00000019) for __rt_lib_init_lc_time_1
    libinit.o(.ARM.Collect$$libinit$$00000000) refers (Special) to libinit2.o(.ARM.Collect$$libinit$$00000004) for __rt_lib_init_preinit_1
    libinit.o(.ARM.Collect$$libinit$$00000000) refers (Special) to libinit2.o(.ARM.Collect$$libinit$$0000000E) for __rt_lib_init_rand_1
    libinit.o(.ARM.Collect$$libinit$$00000000) refers (Special) to libinit2.o(.ARM.Collect$$libinit$$00000033) for __rt_lib_init_return
    libinit.o(.ARM.Collect$$libinit$$00000000) refers (Special) to libinit2.o(.ARM.Collect$$libinit$$0000001D) for __rt_lib_init_signal_1
    libinit.o(.ARM.Collect$$libinit$$00000000) refers (Special) to libinit2.o(.ARM.Collect$$libinit$$00000025) for __rt_lib_init_stdio_1
    libinit.o(.ARM.Collect$$libinit$$00000000) refers (Special) to libinit2.o(.ARM.Collect$$libinit$$0000000C) for __rt_lib_init_user_alloc_1
    libshutdown.o(.ARM.Collect$$libshutdown$$00000000) refers (Special) to libshutdown2.o(.ARM.Collect$$libshutdown$$00000002) for __rt_lib_shutdown_cpp_1
    libshutdown.o(.ARM.Collect$$libshutdown$$00000000) refers (Special) to libshutdown2.o(.ARM.Collect$$libshutdown$$00000007) for __rt_lib_shutdown_fp_trap_1
    libshutdown.o(.ARM.Collect$$libshutdown$$00000000) refers (Special) to libshutdown2.o(.ARM.Collect$$libshutdown$$0000000F) for __rt_lib_shutdown_heap_1
    libshutdown.o(.ARM.Collect$$libshutdown$$00000000) refers (Special) to libshutdown2.o(.ARM.Collect$$libshutdown$$00000010) for __rt_lib_shutdown_return
    libshutdown.o(.ARM.Collect$$libshutdown$$00000000) refers (Special) to libshutdown2.o(.ARM.Collect$$libshutdown$$0000000A) for __rt_lib_shutdown_signal_1
    libshutdown.o(.ARM.Collect$$libshutdown$$00000000) refers (Special) to libshutdown2.o(.ARM.Collect$$libshutdown$$00000004) for __rt_lib_shutdown_stdio_1
    libshutdown.o(.ARM.Collect$$libshutdown$$00000000) refers (Special) to libshutdown2.o(.ARM.Collect$$libshutdown$$0000000C) for __rt_lib_shutdown_user_alloc_1
    rt_raise.o(.text) refers to __raise.o(.text) for __raise
    rt_raise.o(.text) refers to sys_exit.o(.text) for _sys_exit
    defsig_exit.o(.text) refers to sys_exit.o(.text) for _sys_exit
    defsig_fpe_inner.o(.text) refers to defsig_general.o(.text) for __default_signal_display
    libinit2.o(.ARM.Collect$$libinit$$00000010) refers to libinit2.o(.ARM.Collect$$libinit$$0000000F) for .ARM.Collect$$libinit$$0000000F
    libinit2.o(.ARM.Collect$$libinit$$00000012) refers to libinit2.o(.ARM.Collect$$libinit$$0000000F) for .ARM.Collect$$libinit$$0000000F
    libinit2.o(.ARM.Collect$$libinit$$00000014) refers to libinit2.o(.ARM.Collect$$libinit$$0000000F) for .ARM.Collect$$libinit$$0000000F
    libinit2.o(.ARM.Collect$$libinit$$00000016) refers to libinit2.o(.ARM.Collect$$libinit$$0000000F) for .ARM.Collect$$libinit$$0000000F
    libinit2.o(.ARM.Collect$$libinit$$00000018) refers to libinit2.o(.ARM.Collect$$libinit$$0000000F) for .ARM.Collect$$libinit$$0000000F
    libinit2.o(.ARM.Collect$$libinit$$00000026) refers to argv_veneer.o(.text) for __ARM_argv_veneer
    libinit2.o(.ARM.Collect$$libinit$$00000027) refers to argv_veneer.o(.text) for __ARM_argv_veneer
    __raise.o(.text) refers to defsig.o(CL$$defsig) for __default_signal_handler
    defsig_general.o(.text) refers to sys_wrch.o(.text) for _ttywrch
    sys_wrch.o(.text) refers (Special) to use_no_semi.o(.text) for __I$use$semihosting
    sys_wrch.o(.text) refers (Special) to indicate_semi.o(.text) for __semihosting_library_function
    defsig.o(CL$$defsig) refers to defsig_fpe_inner.o(.text) for __rt_SIGFPE_inner
    defsig.o(CL$$defsig) refers to defsig_rtmem_inner.o(.text) for __rt_SIGRTMEM_inner
    _get_argv_nomalloc.o(.text) refers (Special) to hrguard.o(.text) for __heap_region$guard
    _get_argv_nomalloc.o(.text) refers to defsig_rtmem_outer.o(.text) for __rt_SIGRTMEM
    _get_argv_nomalloc.o(.text) refers to sys_command.o(.text) for _sys_command_string
    sys_command.o(.text) refers (Special) to use_no_semi.o(.text) for __I$use$semihosting
    sys_command.o(.text) refers (Special) to indicate_semi.o(.text) for __semihosting_library_function
    defsig_abrt_inner.o(.text) refers to defsig_general.o(.text) for __default_signal_display
    defsig_rtred_inner.o(.text) refers to defsig_general.o(.text) for __default_signal_display
    defsig_rtmem_inner.o(.text) refers to defsig_general.o(.text) for __default_signal_display
    defsig_rtmem_outer.o(.text) refers to defsig_rtmem_inner.o(.text) for __rt_SIGRTMEM_inner
    defsig_rtmem_outer.o(.text) refers to defsig_exit.o(.text) for __sig_exit
    defsig_rtmem_formal.o(.text) refers to rt_raise.o(.text) for __rt_raise
    defsig_stak_inner.o(.text) refers to defsig_general.o(.text) for __default_signal_display
    defsig_pvfn_inner.o(.text) refers to defsig_general.o(.text) for __default_signal_display
    defsig_cppl_inner.o(.text) refers to defsig_general.o(.text) for __default_signal_display
    defsig_segv_inner.o(.text) refers to defsig_general.o(.text) for __default_signal_display
    defsig_other.o(.text) refers to defsig_general.o(.text) for __default_signal_display


==============================================================================

Removing Unused input sections from the image.

    Removing main.o(.rev16_text), (4 bytes).
    Removing main.o(.revsh_text), (4 bytes).
    Removing main.o(i.change_color), (304 bytes).
    Removing main.o(i.delay), (16 bytes).
    Removing led_frdm-kl25z.o(.rev16_text), (4 bytes).
    Removing led_frdm-kl25z.o(.revsh_text), (4 bytes).
    Removing led_frdm-kl25z.o(i.LED_GetCount), (4 bytes).
    Removing led_frdm-kl25z.o(i.LED_Initialize), (164 bytes).
    Removing led_frdm-kl25z.o(i.LED_Off), (36 bytes).
    Removing led_frdm-kl25z.o(i.LED_On), (36 bytes).
    Removing led_frdm-kl25z.o(i.LED_SetOut), (42 bytes).
    Removing led_frdm-kl25z.o(i.LED_Uninitialize), (4 bytes).
    Removing led_frdm-kl25z.o(.constdata), (36 bytes).
    Removing rtx_conf_cm.o(i.__user_perthread_libspace), (48 bytes).
    Removing rtx_conf_cm.o(i._mutex_initialize), (44 bytes).
    Removing system_mkl25z4.o(.rev16_text), (4 bytes).
    Removing system_mkl25z4.o(.revsh_text), (4 bytes).
    Removing system_mkl25z4.o(i.SystemCoreClockUpdate), (400 bytes).
    Removing system_mkl25z4.o(.data), (4 bytes).
    Removing rt_cmsis.o(.rev16_text), (4 bytes).
    Removing rt_cmsis.o(.revsh_text), (4 bytes).
    Removing rt_cmsis.o(i.isrSemaphoreRelease), (44 bytes).
    Removing rt_cmsis.o(i.isrSignalSet), (38 bytes).
    Removing rt_cmsis.o(i.osDelay), (28 bytes).
    Removing rt_cmsis.o(i.osKernelRunning), (40 bytes).
    Removing rt_cmsis.o(i.osKernelSysTick), (28 bytes).
    Removing rt_cmsis.o(i.osMailAlloc), (32 bytes).
    Removing rt_cmsis.o(i.osMailCAlloc), (52 bytes).
    Removing rt_cmsis.o(i.osMailCreate), (52 bytes).
    Removing rt_cmsis.o(i.osMailFree), (32 bytes).
    Removing rt_cmsis.o(i.osMailGet), (24 bytes).
    Removing rt_cmsis.o(i.osMailPut), (28 bytes).
    Removing rt_cmsis.o(i.osMessageCreate), (52 bytes).
    Removing rt_cmsis.o(i.osMessagePut), (28 bytes).
    Removing rt_cmsis.o(i.osMutexCreate), (52 bytes).
    Removing rt_cmsis.o(i.osMutexDelete), (28 bytes).
    Removing rt_cmsis.o(i.osMutexRelease), (28 bytes).
    Removing rt_cmsis.o(i.osMutexWait), (28 bytes).
    Removing rt_cmsis.o(i.osPoolAlloc), (36 bytes).
    Removing rt_cmsis.o(i.osPoolCAlloc), (56 bytes).
    Removing rt_cmsis.o(i.osPoolCreate), (52 bytes).
    Removing rt_cmsis.o(i.osPoolFree), (36 bytes).
    Removing rt_cmsis.o(i.osSemaphoreCreate), (52 bytes).
    Removing rt_cmsis.o(i.osSemaphoreDelete), (28 bytes).
    Removing rt_cmsis.o(i.osSemaphoreRelease), (28 bytes).
    Removing rt_cmsis.o(i.osSemaphoreWait), (28 bytes).
    Removing rt_cmsis.o(i.osSignalClear), (28 bytes).
    Removing rt_cmsis.o(i.osSignalSet), (28 bytes).
    Removing rt_cmsis.o(i.osSignalWait), (28 bytes).
    Removing rt_cmsis.o(i.osThreadGetId), (28 bytes).
    Removing rt_cmsis.o(i.osThreadGetPriority), (28 bytes).
    Removing rt_cmsis.o(i.osThreadSetPriority), (28 bytes).
    Removing rt_cmsis.o(i.osThreadTerminate), (28 bytes).
    Removing rt_cmsis.o(i.osThreadYield), (28 bytes).
    Removing rt_cmsis.o(i.osTimerCreate), (52 bytes).
    Removing rt_cmsis.o(i.osTimerDelete), (28 bytes).
    Removing rt_cmsis.o(i.osTimerStart), (28 bytes).
    Removing rt_cmsis.o(i.osTimerStop), (28 bytes).
    Removing rt_cmsis.o(i.osWait), (4 bytes).
    Removing rt_cmsis.o(i.os_resume), (16 bytes).
    Removing rt_cmsis.o(i.os_suspend), (16 bytes).
    Removing rt_cmsis.o(i.rt_clr_box), (26 bytes).
    Removing rt_cmsis.o(i.rt_timer_remove), (68 bytes).
    Removing rt_cmsis.o(i.svcDelay), (18 bytes).
    Removing rt_cmsis.o(i.svcKernelRunning), (12 bytes).
    Removing rt_cmsis.o(i.svcKernelSysTick), (56 bytes).
    Removing rt_cmsis.o(i.svcMailCreate), (78 bytes).
    Removing rt_cmsis.o(i.svcMessagePut), (56 bytes).
    Removing rt_cmsis.o(i.svcMutexCreate), (32 bytes).
    Removing rt_cmsis.o(i.svcMutexDelete), (28 bytes).
    Removing rt_cmsis.o(i.svcMutexRelease), (36 bytes).
    Removing rt_cmsis.o(i.svcMutexWait), (60 bytes).
    Removing rt_cmsis.o(i.svcPoolCreate), (46 bytes).
    Removing rt_cmsis.o(i.svcSemaphoreCreate), (44 bytes).
    Removing rt_cmsis.o(i.svcSemaphoreDelete), (28 bytes).
    Removing rt_cmsis.o(i.svcSemaphoreRelease), (44 bytes).
    Removing rt_cmsis.o(i.svcSemaphoreWait), (52 bytes).
    Removing rt_cmsis.o(i.svcSignalClear), (38 bytes).
    Removing rt_cmsis.o(i.svcSignalSet), (38 bytes).
    Removing rt_cmsis.o(i.svcSignalWait), (92 bytes).
    Removing rt_cmsis.o(i.svcThreadGetPriority), (20 bytes).
    Removing rt_cmsis.o(i.svcThreadSetPriority), (48 bytes).
    Removing rt_cmsis.o(i.svcThreadYield), (10 bytes).
    Removing rt_cmsis.o(i.svcTimerCreate), (64 bytes).
    Removing rt_cmsis.o(i.svcTimerDelete), (40 bytes).
    Removing rt_cmsis.o(i.svcTimerStart), (108 bytes).
    Removing rt_cmsis.o(i.svcTimerStop), (38 bytes).
    Removing rt_cmsis.o(i.sysMailAlloc), (100 bytes).
    Removing rt_cmsis.o(i.sysMailFree), (106 bytes).
    Removing rt_cmsis.o(i.sysPoolAlloc), (12 bytes).
    Removing rt_cmsis.o(i.sysPoolFree), (22 bytes).
    Removing rt_cmsis.o(i.sysUserTimerUpdate), (48 bytes).
    Removing rt_cmsis.o(i.sysUserTimerWakeupTime), (24 bytes).
    Removing rt_task.o(i.rt_tsk_pass), (44 bytes).
    Removing rt_mutex.o(i.rt_mut_delete), (180 bytes).
    Removing rt_mutex.o(i.rt_mut_init), (16 bytes).
    Removing rt_system.o(.emb_text), (0 bytes).
    Removing rt_system.o(i.os_tick_ovf), (16 bytes).
    Removing rt_system.o(i.os_tick_val), (20 bytes).
    Removing rt_system.o(i.rt_resume), (136 bytes).
    Removing rt_system.o(i.rt_suspend), (40 bytes).
    Removing rt_system.o(i.rt_tsk_lock), (84 bytes).
    Removing rt_system.o(i.rt_tsk_unlock), (84 bytes).
    Removing rt_event.o(i.isr_evt_set), (36 bytes).
    Removing rt_event.o(i.rt_evt_clr), (28 bytes).
    Removing rt_event.o(i.rt_evt_get), (12 bytes).
    Removing rt_event.o(i.rt_evt_set), (92 bytes).
    Removing rt_event.o(i.rt_evt_wait), (64 bytes).
    Removing rt_list.o(i.rt_get_same_rdy_prio), (36 bytes).
    Removing rt_mailbox.o(i.rt_mbx_send), (148 bytes).
    Removing rt_semaphore.o(i.isr_sem_send), (14 bytes).
    Removing rt_semaphore.o(i.rt_sem_delete), (96 bytes).
    Removing rt_semaphore.o(i.rt_sem_init), (12 bytes).
    Removing rt_semaphore.o(i.rt_sem_send), (44 bytes).
    Removing rt_semaphore.o(i.rt_sem_wait), (68 bytes).
    Removing rt_time.o(i.rt_dly_wait), (10 bytes).
    Removing rt_time.o(i.rt_itv_set), (24 bytes).
    Removing rt_time.o(i.rt_itv_wait), (44 bytes).
    Removing rt_time.o(i.rt_time_get), (12 bytes).
    Removing rt_membox.o(i._calloc_box), (32 bytes).
    Removing main.o(i.__ARM_common_switch8), (28 bytes).
    Removing rt_cmsis.o(i.__ARM_common_ll_muluu), (48 bytes).

122 unused section(s) (total 5456 bytes) removed from the image.

==============================================================================

Image Symbol Table

    Local Symbols

    Symbol Name                              Value     Ov Type        Size  Object(Section)

    RESET                                    0x00000000   Section      192  startup_mkl25z4.o(RESET)
    ../clib/angel/boardlib.s                 0x00000000   Number         0  boardshut.o ABSOLUTE
    ../clib/angel/boardlib.s                 0x00000000   Number         0  boardinit2.o ABSOLUTE
    ../clib/angel/boardlib.s                 0x00000000   Number         0  boardinit1.o ABSOLUTE
    ../clib/angel/handlers.s                 0x00000000   Number         0  __scatter_zi.o ABSOLUTE
    ../clib/angel/handlers.s                 0x00000000   Number         0  __scatter_copy.o ABSOLUTE
    ../clib/angel/kernel.s                   0x00000000   Number         0  __rtentry.o ABSOLUTE
    ../clib/angel/kernel.s                   0x00000000   Number         0  rtexit.o ABSOLUTE
    ../clib/angel/kernel.s                   0x00000000   Number         0  __rtentry2.o ABSOLUTE
    ../clib/angel/kernel.s                   0x00000000   Number         0  __rtentry4.o ABSOLUTE
    ../clib/angel/kernel.s                   0x00000000   Number         0  rtexit2.o ABSOLUTE
    ../clib/angel/rt.s                       0x00000000   Number         0  aeabi_idiv0.o ABSOLUTE
    ../clib/angel/rt.s                       0x00000000   Number         0  aeabi_idiv0_sigfpe.o ABSOLUTE
    ../clib/angel/rt.s                       0x00000000   Number         0  aeabi_ldiv0.o ABSOLUTE
    ../clib/angel/rt.s                       0x00000000   Number         0  rt_div0.o ABSOLUTE
    ../clib/angel/rt.s                       0x00000000   Number         0  aeabi_ldiv0_sigfpe.o ABSOLUTE
    ../clib/angel/rt.s                       0x00000000   Number         0  rt_raise.o ABSOLUTE
    ../clib/angel/scatterp.s                 0x00000000   Number         0  __scatter.o ABSOLUTE
    ../clib/angel/startup.s                  0x00000000   Number         0  __main.o ABSOLUTE
    ../clib/angel/sys.s                      0x00000000   Number         0  tempstk.o ABSOLUTE
    ../clib/angel/sys.s                      0x00000000   Number         0  indicate_semi.o ABSOLUTE
    ../clib/angel/sys.s                      0x00000000   Number         0  use_no_semi.o ABSOLUTE
    ../clib/angel/sys.s                      0x00000000   Number         0  sys_stackheap_outer.o ABSOLUTE
    ../clib/angel/sys.s                      0x00000000   Number         0  libspace.o ABSOLUTE
    ../clib/angel/sysapp.c                   0x00000000   Number         0  sys_wrch.o ABSOLUTE
    ../clib/angel/sysapp.c                   0x00000000   Number         0  sys_exit.o ABSOLUTE
    ../clib/angel/sysapp.c                   0x00000000   Number         0  sys_command.o ABSOLUTE
    ../clib/armsys.c                         0x00000000   Number         0  argv_veneer.o ABSOLUTE
    ../clib/armsys.c                         0x00000000   Number         0  _get_argv_nomalloc.o ABSOLUTE
    ../clib/armsys.c                         0x00000000   Number         0  no_argv.o ABSOLUTE
    ../clib/division.c                       0x00000000   Number         0  lludiv.o ABSOLUTE
    ../clib/division.s                       0x00000000   Number         0  aeabi_sdiv.o ABSOLUTE
    ../clib/division.s                       0x00000000   Number         0  aeabi_sdiv_div0.o ABSOLUTE
    ../clib/heapalloc.c                      0x00000000   Number         0  hrguard.o ABSOLUTE
    ../clib/heapaux.c                        0x00000000   Number         0  heapauxi.o ABSOLUTE
    ../clib/libinit.s                        0x00000000   Number         0  libshutdown2.o ABSOLUTE
    ../clib/libinit.s                        0x00000000   Number         0  libshutdown.o ABSOLUTE
    ../clib/libinit.s                        0x00000000   Number         0  libinit2.o ABSOLUTE
    ../clib/libinit.s                        0x00000000   Number         0  libinit.o ABSOLUTE
    ../clib/signal.c                         0x00000000   Number         0  defsig_general.o ABSOLUTE
    ../clib/signal.c                         0x00000000   Number         0  defsig_stak_inner.o ABSOLUTE
    ../clib/signal.c                         0x00000000   Number         0  defsig_fpe_outer.o ABSOLUTE
    ../clib/signal.c                         0x00000000   Number         0  __raise.o ABSOLUTE
    ../clib/signal.c                         0x00000000   Number         0  defsig_fpe_formal.o ABSOLUTE
    ../clib/signal.c                         0x00000000   Number         0  defsig_exit.o ABSOLUTE
    ../clib/signal.c                         0x00000000   Number         0  defsig_other.o ABSOLUTE
    ../clib/signal.c                         0x00000000   Number         0  defsig_segv_inner.o ABSOLUTE
    ../clib/signal.c                         0x00000000   Number         0  defsig_cppl_inner.o ABSOLUTE
    ../clib/signal.c                         0x00000000   Number         0  defsig_pvfn_inner.o ABSOLUTE
    ../clib/signal.c                         0x00000000   Number         0  defsig_rtmem_formal.o ABSOLUTE
    ../clib/signal.c                         0x00000000   Number         0  defsig_rtmem_outer.o ABSOLUTE
    ../clib/signal.c                         0x00000000   Number         0  defsig_rtred_inner.o ABSOLUTE
    ../clib/signal.c                         0x00000000   Number         0  defsig_rtmem_inner.o ABSOLUTE
    ../clib/signal.c                         0x00000000   Number         0  defsig_abrt_inner.o ABSOLUTE
    ../clib/signal.c                         0x00000000   Number         0  defsig_fpe_inner.o ABSOLUTE
    ../clib/signal.s                         0x00000000   Number         0  defsig.o ABSOLUTE
    ../clib/stdlib.c                         0x00000000   Number         0  exit.o ABSOLUTE
    ../fplib/cfplib/fpinit.c                 0x00000000   Number         0  fpinit.o ABSOLUTE
    ..\Digital_Filter\main.c                 0x00000000   Number         0  main.o ABSOLUTE
    ..\HAL_CM.c                              0x00000000   Number         0  hal_cm.o ABSOLUTE
    ..\\Digital_Filter\\main.c               0x00000000   Number         0  main.o ABSOLUTE
    ..\\rt_CMSIS.c                           0x00000000   Number         0  rt_cmsis.o ABSOLUTE
    ..\\rt_System.c                          0x00000000   Number         0  rt_system.o ABSOLUTE
    ..\rt_CMSIS.c                            0x00000000   Number         0  rt_cmsis.o ABSOLUTE
    ..\rt_Event.c                            0x00000000   Number         0  rt_event.o ABSOLUTE
    ..\rt_List.c                             0x00000000   Number         0  rt_list.o ABSOLUTE
    ..\rt_Mailbox.c                          0x00000000   Number         0  rt_mailbox.o ABSOLUTE
    ..\rt_MemBox.c                           0x00000000   Number         0  rt_membox.o ABSOLUTE
    ..\rt_Memory.c                           0x00000000   Number         0  rt_memory.o ABSOLUTE
    ..\rt_Mutex.c                            0x00000000   Number         0  rt_mutex.o ABSOLUTE
    ..\rt_Robin.c                            0x00000000   Number         0  rt_robin.o ABSOLUTE
    ..\rt_Semaphore.c                        0x00000000   Number         0  rt_semaphore.o ABSOLUTE
    ..\rt_System.c                           0x00000000   Number         0  rt_system.o ABSOLUTE
    ..\rt_Task.c                             0x00000000   Number         0  rt_task.o ABSOLUTE
    ..\rt_Time.c                             0x00000000   Number         0  rt_time.o ABSOLUTE
    C:\App\Kiel\ARM\PACK\Keil\Kinetis_KLxx_DFP\1.14.0\Boards\NXP\FRDM-KL25Z\Common\LED_FRDM-KL25Z.c 0x00000000   Number         0  led_frdm-kl25z.o ABSOLUTE
    C:\\App\\Kiel\\ARM\\PACK\\Keil\\Kinetis_KLxx_DFP\\1.14.0\\Boards\\NXP\\FRDM-KL25Z\\Common\\LED_FRDM-KL25Z.c 0x00000000   Number         0  led_frdm-kl25z.o ABSOLUTE
    HAL_CM0.c                                0x00000000   Number         0  hal_cm0.o ABSOLUTE
    HAL_CM0.c                                0x00000000   Number         0  hal_cm0.o ABSOLUTE
    RTE\CMSIS\RTX_Conf_CM.c                  0x00000000   Number         0  rtx_conf_cm.o ABSOLUTE
    RTE\Device\MKL25Z128xxx4\startup_MKL25Z4.s 0x00000000   Number         0  startup_mkl25z4.o ABSOLUTE
    RTE\Device\MKL25Z128xxx4\system_MKL25Z4.c 0x00000000   Number         0  system_mkl25z4.o ABSOLUTE
    RTE\\CMSIS\\RTX_Conf_CM.c                0x00000000   Number         0  rtx_conf_cm.o ABSOLUTE
    RTE\\Device\\MKL25Z128xxx4\\system_MKL25Z4.c 0x00000000   Number         0  system_mkl25z4.o ABSOLUTE
    SVC_Table.s                              0x00000000   Number         0  svc_table.o ABSOLUTE
    dc.s                                     0x00000000   Number         0  dc.o ABSOLUTE
    !!!main                                  0x000000c0   Section        8  __main.o(!!!main)
    !!!scatter                               0x000000c8   Section       60  __scatter.o(!!!scatter)
    !!handler_copy                           0x00000104   Section       26  __scatter_copy.o(!!handler_copy)
    !!handler_zi                             0x00000120   Section       28  __scatter_zi.o(!!handler_zi)
    .ARM.Collect$$libinit$$00000000          0x0000013c   Section        2  libinit.o(.ARM.Collect$$libinit$$00000000)
    .ARM.Collect$$libinit$$00000002          0x0000013e   Section        0  libinit2.o(.ARM.Collect$$libinit$$00000002)
    .ARM.Collect$$libinit$$00000004          0x0000013e   Section        0  libinit2.o(.ARM.Collect$$libinit$$00000004)
    .ARM.Collect$$libinit$$0000000A          0x0000013e   Section        0  libinit2.o(.ARM.Collect$$libinit$$0000000A)
    .ARM.Collect$$libinit$$0000000C          0x0000013e   Section        0  libinit2.o(.ARM.Collect$$libinit$$0000000C)
    .ARM.Collect$$libinit$$0000000E          0x0000013e   Section        0  libinit2.o(.ARM.Collect$$libinit$$0000000E)
    .ARM.Collect$$libinit$$00000011          0x0000013e   Section        0  libinit2.o(.ARM.Collect$$libinit$$00000011)
    .ARM.Collect$$libinit$$00000013          0x0000013e   Section        0  libinit2.o(.ARM.Collect$$libinit$$00000013)
    .ARM.Collect$$libinit$$00000015          0x0000013e   Section        0  libinit2.o(.ARM.Collect$$libinit$$00000015)
    .ARM.Collect$$libinit$$00000017          0x0000013e   Section        0  libinit2.o(.ARM.Collect$$libinit$$00000017)
    .ARM.Collect$$libinit$$00000019          0x0000013e   Section        0  libinit2.o(.ARM.Collect$$libinit$$00000019)
    .ARM.Collect$$libinit$$0000001B          0x0000013e   Section        0  libinit2.o(.ARM.Collect$$libinit$$0000001B)
    .ARM.Collect$$libinit$$0000001D          0x0000013e   Section        0  libinit2.o(.ARM.Collect$$libinit$$0000001D)
    .ARM.Collect$$libinit$$0000001F          0x0000013e   Section        0  libinit2.o(.ARM.Collect$$libinit$$0000001F)
    .ARM.Collect$$libinit$$00000021          0x0000013e   Section        0  libinit2.o(.ARM.Collect$$libinit$$00000021)
    .ARM.Collect$$libinit$$00000023          0x0000013e   Section        0  libinit2.o(.ARM.Collect$$libinit$$00000023)
    .ARM.Collect$$libinit$$00000025          0x0000013e   Section        0  libinit2.o(.ARM.Collect$$libinit$$00000025)
    .ARM.Collect$$libinit$$0000002C          0x0000013e   Section        0  libinit2.o(.ARM.Collect$$libinit$$0000002C)
    .ARM.Collect$$libinit$$0000002E          0x0000013e   Section        0  libinit2.o(.ARM.Collect$$libinit$$0000002E)
    .ARM.Collect$$libinit$$00000030          0x0000013e   Section        0  libinit2.o(.ARM.Collect$$libinit$$00000030)
    .ARM.Collect$$libinit$$00000032          0x0000013e   Section        0  libinit2.o(.ARM.Collect$$libinit$$00000032)
    .ARM.Collect$$libinit$$00000033          0x0000013e   Section        2  libinit2.o(.ARM.Collect$$libinit$$00000033)
    .ARM.Collect$$libshutdown$$00000000      0x00000140   Section        2  libshutdown.o(.ARM.Collect$$libshutdown$$00000000)
    .ARM.Collect$$libshutdown$$00000002      0x00000142   Section        0  libshutdown2.o(.ARM.Collect$$libshutdown$$00000002)
    .ARM.Collect$$libshutdown$$00000004      0x00000142   Section        0  libshutdown2.o(.ARM.Collect$$libshutdown$$00000004)
    .ARM.Collect$$libshutdown$$00000007      0x00000142   Section        0  libshutdown2.o(.ARM.Collect$$libshutdown$$00000007)
    .ARM.Collect$$libshutdown$$0000000A      0x00000142   Section        0  libshutdown2.o(.ARM.Collect$$libshutdown$$0000000A)
    .ARM.Collect$$libshutdown$$0000000C      0x00000142   Section        0  libshutdown2.o(.ARM.Collect$$libshutdown$$0000000C)
    .ARM.Collect$$libshutdown$$0000000F      0x00000142   Section        0  libshutdown2.o(.ARM.Collect$$libshutdown$$0000000F)
    .ARM.Collect$$libshutdown$$00000010      0x00000142   Section        2  libshutdown2.o(.ARM.Collect$$libshutdown$$00000010)
    .ARM.Collect$$rtentry$$00000000          0x00000144   Section        0  __rtentry.o(.ARM.Collect$$rtentry$$00000000)
    .ARM.Collect$$rtentry$$00000002          0x00000144   Section        0  __rtentry2.o(.ARM.Collect$$rtentry$$00000002)
    .ARM.Collect$$rtentry$$00000004          0x00000144   Section        6  __rtentry4.o(.ARM.Collect$$rtentry$$00000004)
    .ARM.Collect$$rtentry$$00000009          0x0000014a   Section        0  __rtentry2.o(.ARM.Collect$$rtentry$$00000009)
    .ARM.Collect$$rtentry$$0000000A          0x0000014a   Section        4  __rtentry2.o(.ARM.Collect$$rtentry$$0000000A)
    .ARM.Collect$$rtentry$$0000000B          0x0000014e   Section        8  __rtentry2.o(.ARM.Collect$$rtentry$$0000000B)
    .ARM.Collect$$rtentry$$0000000D          0x00000156   Section        8  __rtentry2.o(.ARM.Collect$$rtentry$$0000000D)
    .ARM.Collect$$rtexit$$00000000           0x0000015e   Section        2  rtexit.o(.ARM.Collect$$rtexit$$00000000)
    .ARM.Collect$$rtexit$$00000002           0x00000160   Section        0  rtexit2.o(.ARM.Collect$$rtexit$$00000002)
    .ARM.Collect$$rtexit$$00000003           0x00000160   Section        4  rtexit2.o(.ARM.Collect$$rtexit$$00000003)
    .ARM.Collect$$rtexit$$00000004           0x00000164   Section        6  rtexit2.o(.ARM.Collect$$rtexit$$00000004)
    .emb_text                                0x0000016c   Section       28  rtx_conf_cm.o(.emb_text)
    .emb_text                                0x00000188   Section      356  hal_cm0.o(.emb_text)
    .text                                    0x000002ec   Section       64  startup_mkl25z4.o(.text)
    .text                                    0x0000032c   Section        8  libspace.o(.text)
    .text                                    0x00000334   Section        0  exit.o(.text)
    .text                                    0x00000344   Section        0  heapauxi.o(.text)
    .text                                    0x0000034c   Section        0  sys_exit.o(.text)
    .text                                    0x00000358   Section       62  sys_stackheap_outer.o(.text)
    .text                                    0x00000396   Section        2  use_no_semi.o(.text)
    .text                                    0x00000398   Section        0  indicate_semi.o(.text)
    SVC_TABLE                                0x00000398   Section        4  svc_table.o(SVC_TABLE)
    i.LED_init                               0x0000039c   Section        0  main.o(i.LED_init)
    i.SystemInit                             0x000003e4   Section        0  system_mkl25z4.o(i.SystemInit)
    i.isr_mbx_send                           0x000003f0   Section        0  rt_mailbox.o(i.isr_mbx_send)
    i.os_idle_demon                          0x000003fc   Section        0  rtx_conf_cm.o(i.os_idle_demon)
    .ARM.__at_0x400                          0x00000400   Section       16  startup_mkl25z4.o(.ARM.__at_0x400)
    .text                                    0x00000410   Section      346  aeabi_sdiv.o(.text)
    i._init_box                              0x0000056a   Section        0  rt_membox.o(i._init_box)
    i._mutex_acquire                         0x000005b4   Section        0  rtx_conf_cm.o(i._mutex_acquire)
    __tagsym$$used                           0x000005b5   Number         0  rtx_conf_cm.o(i._mutex_acquire)
    i._mutex_release                         0x000005d8   Section        0  rtx_conf_cm.o(i._mutex_release)
    __tagsym$$used                           0x000005d9   Number         0  rtx_conf_cm.o(i._mutex_release)
    i.board_LED_init                         0x000005f4   Section        0  main.o(i.board_LED_init)
    i.initialize_board                       0x0000069c   Section        0  main.o(i.initialize_board)
    i.isrMessageGet                          0x000006c0   Section        0  rt_cmsis.o(i.isrMessageGet)
    i.isrMessagePut                          0x000006ee   Section        0  rt_cmsis.o(i.isrMessagePut)
    i.isr_mbx_receive                        0x0000071e   Section        0  rt_mailbox.o(i.isr_mbx_receive)
    i.main                                   0x0000076c   Section        0  main.o(i.main)
    i.osKernelInitialize                     0x0000079c   Section        0  rt_cmsis.o(i.osKernelInitialize)
    i.osKernelStart                          0x000007c4   Section        0  rt_cmsis.o(i.osKernelStart)
    i.osMessageGet                           0x00000830   Section        0  rt_cmsis.o(i.osMessageGet)
    i.osThreadCreate                         0x0000084c   Section        0  rt_cmsis.o(i.osThreadCreate)
    i.osThreadExit                           0x00000880   Section        0  rt_cmsis.o(i.osThreadExit)
    i.osTimerCall                            0x00000898   Section        0  rt_cmsis.o(i.osTimerCall)
    i.osTimerThread                          0x000008a8   Section        0  rt_cmsis.o(i.osTimerThread)
    i.os_error                               0x000008d4   Section        0  rtx_conf_cm.o(i.os_error)
    i.os_tick_init                           0x000008f8   Section        0  rt_system.o(i.os_tick_init)
    i.os_tick_irqack                         0x00000924   Section        0  rt_system.o(i.os_tick_irqack)
    i.rt_alloc_box                           0x00000926   Section        0  rt_membox.o(i.rt_alloc_box)
    i.rt_alloc_mem                           0x00000944   Section        0  rt_memory.o(i.rt_alloc_mem)
    i.rt_block                               0x00000988   Section        0  rt_task.o(i.rt_block)
    i.rt_chk_robin                           0x000009c0   Section        0  rt_robin.o(i.rt_chk_robin)
    i.rt_dec_dly                             0x00000a04   Section        0  rt_list.o(i.rt_dec_dly)
    i.rt_dispatch                            0x00000a78   Section        0  rt_task.o(i.rt_dispatch)
    i.rt_evt_psh                             0x00000ab8   Section        0  rt_event.o(i.rt_evt_psh)
    i.rt_free_box                            0x00000b08   Section        0  rt_membox.o(i.rt_free_box)
    i.rt_free_mem                            0x00000b2e   Section        0  rt_memory.o(i.rt_free_mem)
    i.rt_get_first                           0x00000b5e   Section        0  rt_list.o(i.rt_get_first)
    i.rt_id2obj                              0x00000b88   Section        0  rt_cmsis.o(i.rt_id2obj)
    rt_id2obj                                0x00000b89   Thumb Code     8  rt_cmsis.o(i.rt_id2obj)
    i.rt_init_context                        0x00000b90   Section        0  rt_task.o(i.rt_init_context)
    rt_init_context                          0x00000b91   Thumb Code    66  rt_task.o(i.rt_init_context)
    i.rt_init_mem                            0x00000bd8   Section        0  rt_memory.o(i.rt_init_mem)
    i.rt_init_robin                          0x00000bf4   Section        0  rt_robin.o(i.rt_init_robin)
    i.rt_init_stack                          0x00000c0c   Section        0  hal_cm.o(i.rt_init_stack)
    i.rt_mbx_check                           0x00000c84   Section        0  rt_mailbox.o(i.rt_mbx_check)
    i.rt_mbx_init                            0x00000c8c   Section        0  rt_mailbox.o(i.rt_mbx_init)
    i.rt_mbx_psh                             0x00000cb0   Section        0  rt_mailbox.o(i.rt_mbx_psh)
    i.rt_mbx_wait                            0x00000d80   Section        0  rt_mailbox.o(i.rt_mbx_wait)
    i.rt_ms2tick                             0x00000e30   Section        0  rt_cmsis.o(i.rt_ms2tick)
    rt_ms2tick                               0x00000e31   Thumb Code    56  rt_cmsis.o(i.rt_ms2tick)
    i.rt_mut_release                         0x00000e74   Section        0  rt_mutex.o(i.rt_mut_release)
    i.rt_mut_wait                            0x00000f4c   Section        0  rt_mutex.o(i.rt_mut_wait)
    i.rt_pop_req                             0x00000fcc   Section        0  rt_system.o(i.rt_pop_req)
    i.rt_psh_req                             0x0000103c   Section        0  rt_system.o(i.rt_psh_req)
    i.rt_psq_enq                             0x0000105c   Section        0  rt_list.o(i.rt_psq_enq)
    i.rt_put_dly                             0x0000109c   Section        0  rt_list.o(i.rt_put_dly)
    i.rt_put_prio                            0x000010ec   Section        0  rt_list.o(i.rt_put_prio)
    i.rt_put_rdy_first                       0x00001128   Section        0  rt_list.o(i.rt_put_rdy_first)
    i.rt_resort_prio                         0x0000113c   Section        0  rt_list.o(i.rt_resort_prio)
    i.rt_ret_val                             0x0000116c   Section        0  hal_cm.o(i.rt_ret_val)
    i.rt_ret_val2                            0x00001172   Section        0  hal_cm.o(i.rt_ret_val2)
    i.rt_rmv_dly                             0x0000117a   Section        0  rt_list.o(i.rt_rmv_dly)
    i.rt_rmv_list                            0x000011a4   Section        0  rt_list.o(i.rt_rmv_list)
    i.rt_sem_psh                             0x000011d8   Section        0  rt_semaphore.o(i.rt_sem_psh)
    i.rt_stk_check                           0x0000120c   Section        0  rt_system.o(i.rt_stk_check)
    i.rt_switch_req                          0x00001234   Section        0  rt_task.o(i.rt_switch_req)
    i.rt_sys_init                            0x00001244   Section        0  rt_task.o(i.rt_sys_init)
    i.rt_sys_start                           0x0000130c   Section        0  rt_task.o(i.rt_sys_start)
    i.rt_systick                             0x00001370   Section        0  rt_system.o(i.rt_systick)
    i.rt_tid2ptcb                            0x000013ac   Section        0  rt_cmsis.o(i.rt_tid2ptcb)
    rt_tid2ptcb                              0x000013ad   Thumb Code    18  rt_cmsis.o(i.rt_tid2ptcb)
    i.rt_timer_insert                        0x000013c0   Section        0  rt_cmsis.o(i.rt_timer_insert)
    rt_timer_insert                          0x000013c1   Thumb Code    52  rt_cmsis.o(i.rt_timer_insert)
    i.rt_tsk_create                          0x000013f8   Section        0  rt_task.o(i.rt_tsk_create)
    i.rt_tsk_delete                          0x00001470   Section        0  rt_task.o(i.rt_tsk_delete)
    i.rt_tsk_prio                            0x000015c8   Section        0  rt_task.o(i.rt_tsk_prio)
    i.rt_tsk_self                            0x00001648   Section        0  rt_task.o(i.rt_tsk_self)
    i.set_LEDs                               0x00001658   Section        0  main.o(i.set_LEDs)
    i.svcKernelInitialize                    0x000016bc   Section        0  rt_cmsis.o(i.svcKernelInitialize)
    i.svcKernelStart                         0x00001734   Section        0  rt_cmsis.o(i.svcKernelStart)
    i.svcMessageCreate                       0x00001780   Section        0  rt_cmsis.o(i.svcMessageCreate)
    i.svcMessageGet                          0x000017aa   Section        0  rt_cmsis.o(i.svcMessageGet)
    i.svcThreadCreate                        0x000017e8   Section        0  rt_cmsis.o(i.svcThreadCreate)
    i.svcThreadGetId                         0x0000185c   Section        0  rt_cmsis.o(i.svcThreadGetId)
    i.svcThreadTerminate                     0x00001878   Section        0  rt_cmsis.o(i.svcThreadTerminate)
    i.svcTimerCall                           0x000018b4   Section        0  rt_cmsis.o(i.svcTimerCall)
    i.switch_init                            0x000018d0   Section        0  main.o(i.switch_init)
    i.sysTimerTick                           0x00001914   Section        0  rt_cmsis.o(i.sysTimerTick)
    .constdata                               0x0000196c   Section      104  rtx_conf_cm.o(.constdata)
    __tagsym$$used                           0x00001988   Number         0  rtx_conf_cm.o(.constdata)
    __tagsym$$used                           0x0000198c   Number         0  rtx_conf_cm.o(.constdata)
    __tagsym$$used                           0x00001990   Number         0  rtx_conf_cm.o(.constdata)
    __tagsym$$used                           0x00001994   Number         0  rtx_conf_cm.o(.constdata)
    .data                                    0x1ffff000   Section       20  rtx_conf_cm.o(.data)
    nr_mutex                                 0x1ffff010   Data           4  rtx_conf_cm.o(.data)
    .data                                    0x1ffff014   Section        8  rt_cmsis.o(.data)
    .data                                    0x1ffff01c   Section        8  rt_task.o(.data)
    .data                                    0x1ffff024   Section        8  rt_system.o(.data)
    os_lock                                  0x1ffff024   Data           1  rt_system.o(.data)
    os_psh_flag                              0x1ffff025   Data           1  rt_system.o(.data)
    pend_flags                               0x1ffff026   Data           1  rt_system.o(.data)
    .data                                    0x1ffff02c   Section        4  rt_time.o(.data)
    .data                                    0x1ffff030   Section        8  rt_robin.o(.data)
    .bss                                     0x1ffff038   Section     3016  rtx_conf_cm.o(.bss)
    std_libspace                             0x1ffff8e0   Data         672  rtx_conf_cm.o(.bss)
    std_libmutex                             0x1ffffb80   Data         128  rtx_conf_cm.o(.bss)
    .bss                                     0x1ffffc00   Section       52  rt_task.o(.bss)
    .bss                                     0x1ffffc34   Section       48  rt_list.o(.bss)
    .bss                                     0x1ffffc64   Section       96  libspace.o(.bss)
    HEAP                                     0x1ffffcc8   Section        0  startup_mkl25z4.o(HEAP)
    STACK                                    0x1ffffcc8   Section      256  startup_mkl25z4.o(STACK)
    Heap_Mem                                 0x1ffffcc8   Data           0  startup_mkl25z4.o(HEAP)
    Stack_Mem                                0x1ffffcc8   Data         256  startup_mkl25z4.o(STACK)
    __initial_sp                             0x1ffffdc8   Data           0  startup_mkl25z4.o(STACK)

    Global Symbols

    Symbol Name                              Value     Ov Type        Size  Object(Section)

    BuildAttributes$$THM_ISAv3M$S$PE$A:L22$X:L11$S22$IEEE1$IW$USESV6$~STKCKD$USESV7$~SHL$OSPACE$ROPI$EBA8$UX$STANDARDLIB$REQ8$PRES8$EABIv2 0x00000000   Number         0  anon$$obj.o ABSOLUTE
    __ARM_use_no_argv                        0x00000000   Number         0  main.o ABSOLUTE
    __Vectors                                0x00000000   Data           4  startup_mkl25z4.o(RESET)
    __ARM_exceptions_init                     - Undefined Weak Reference
    __alloca_initialize                       - Undefined Weak Reference
    __arm_preinit_                            - Undefined Weak Reference
    __cpp_initialize__aeabi_                  - Undefined Weak Reference
    __cxa_finalize                            - Undefined Weak Reference
    __rt_locale                               - Undefined Weak Reference
    __sigvec_lookup                           - Undefined Weak Reference
    _atexit_init                              - Undefined Weak Reference
    _call_atexit_fns                          - Undefined Weak Reference
    _clock_init                               - Undefined Weak Reference
    _fp_trap_init                             - Undefined Weak Reference
    _fp_trap_shutdown                         - Undefined Weak Reference
    _get_lc_collate                           - Undefined Weak Reference
    _get_lc_ctype                             - Undefined Weak Reference
    _get_lc_monetary                          - Undefined Weak Reference
    _get_lc_numeric                           - Undefined Weak Reference
    _get_lc_time                              - Undefined Weak Reference
    _getenv_init                              - Undefined Weak Reference
    _handle_redirection                       - Undefined Weak Reference
    _init_alloc                               - Undefined Weak Reference
    _init_user_alloc                          - Undefined Weak Reference
    _initio                                   - Undefined Weak Reference
    _rand_init                                - Undefined Weak Reference
    _signal_finish                            - Undefined Weak Reference
    _signal_init                              - Undefined Weak Reference
    _terminate_alloc                          - Undefined Weak Reference
    _terminate_user_alloc                     - Undefined Weak Reference
    _terminateio                              - Undefined Weak Reference
    __Vectors_End                            0x000000c0   Data           0  startup_mkl25z4.o(RESET)
    __Vectors_Size                           0x000000c0   Number         0  startup_mkl25z4.o ABSOLUTE
    __main                                   0x000000c1   Thumb Code     8  __main.o(!!!main)
    __scatterload                            0x000000c9   Thumb Code     0  __scatter.o(!!!scatter)
    __scatterload_rt2                        0x000000c9   Thumb Code    52  __scatter.o(!!!scatter)
    __scatterload_rt2_thumb_only             0x000000c9   Thumb Code     0  __scatter.o(!!!scatter)
    __scatterload_null                       0x000000d9   Thumb Code     0  __scatter.o(!!!scatter)
    __scatterload_copy                       0x00000105   Thumb Code    26  __scatter_copy.o(!!handler_copy)
    __scatterload_zeroinit                   0x00000121   Thumb Code    28  __scatter_zi.o(!!handler_zi)
    __rt_lib_init                            0x0000013d   Thumb Code     0  libinit.o(.ARM.Collect$$libinit$$00000000)
    __rt_lib_init_alloca_1                   0x0000013f   Thumb Code     0  libinit2.o(.ARM.Collect$$libinit$$0000002E)
    __rt_lib_init_argv_1                     0x0000013f   Thumb Code     0  libinit2.o(.ARM.Collect$$libinit$$0000002C)
    __rt_lib_init_atexit_1                   0x0000013f   Thumb Code     0  libinit2.o(.ARM.Collect$$libinit$$0000001B)
    __rt_lib_init_clock_1                    0x0000013f   Thumb Code     0  libinit2.o(.ARM.Collect$$libinit$$00000021)
    __rt_lib_init_cpp_1                      0x0000013f   Thumb Code     0  libinit2.o(.ARM.Collect$$libinit$$00000032)
    __rt_lib_init_exceptions_1               0x0000013f   Thumb Code     0  libinit2.o(.ARM.Collect$$libinit$$00000030)
    __rt_lib_init_fp_1                       0x0000013f   Thumb Code     0  libinit2.o(.ARM.Collect$$libinit$$00000002)
    __rt_lib_init_fp_trap_1                  0x0000013f   Thumb Code     0  libinit2.o(.ARM.Collect$$libinit$$0000001F)
    __rt_lib_init_getenv_1                   0x0000013f   Thumb Code     0  libinit2.o(.ARM.Collect$$libinit$$00000023)
    __rt_lib_init_heap_1                     0x0000013f   Thumb Code     0  libinit2.o(.ARM.Collect$$libinit$$0000000A)
    __rt_lib_init_lc_collate_1               0x0000013f   Thumb Code     0  libinit2.o(.ARM.Collect$$libinit$$00000011)
    __rt_lib_init_lc_ctype_1                 0x0000013f   Thumb Code     0  libinit2.o(.ARM.Collect$$libinit$$00000013)
    __rt_lib_init_lc_monetary_1              0x0000013f   Thumb Code     0  libinit2.o(.ARM.Collect$$libinit$$00000015)
    __rt_lib_init_lc_numeric_1               0x0000013f   Thumb Code     0  libinit2.o(.ARM.Collect$$libinit$$00000017)
    __rt_lib_init_lc_time_1                  0x0000013f   Thumb Code     0  libinit2.o(.ARM.Collect$$libinit$$00000019)
    __rt_lib_init_preinit_1                  0x0000013f   Thumb Code     0  libinit2.o(.ARM.Collect$$libinit$$00000004)
    __rt_lib_init_rand_1                     0x0000013f   Thumb Code     0  libinit2.o(.ARM.Collect$$libinit$$0000000E)
    __rt_lib_init_return                     0x0000013f   Thumb Code     0  libinit2.o(.ARM.Collect$$libinit$$00000033)
    __rt_lib_init_signal_1                   0x0000013f   Thumb Code     0  libinit2.o(.ARM.Collect$$libinit$$0000001D)
    __rt_lib_init_stdio_1                    0x0000013f   Thumb Code     0  libinit2.o(.ARM.Collect$$libinit$$00000025)
    __rt_lib_init_user_alloc_1               0x0000013f   Thumb Code     0  libinit2.o(.ARM.Collect$$libinit$$0000000C)
    __rt_lib_shutdown                        0x00000141   Thumb Code     0  libshutdown.o(.ARM.Collect$$libshutdown$$00000000)
    __rt_lib_shutdown_cpp_1                  0x00000143   Thumb Code     0  libshutdown2.o(.ARM.Collect$$libshutdown$$00000002)
    __rt_lib_shutdown_fp_trap_1              0x00000143   Thumb Code     0  libshutdown2.o(.ARM.Collect$$libshutdown$$00000007)
    __rt_lib_shutdown_heap_1                 0x00000143   Thumb Code     0  libshutdown2.o(.ARM.Collect$$libshutdown$$0000000F)
    __rt_lib_shutdown_return                 0x00000143   Thumb Code     0  libshutdown2.o(.ARM.Collect$$libshutdown$$00000010)
    __rt_lib_shutdown_signal_1               0x00000143   Thumb Code     0  libshutdown2.o(.ARM.Collect$$libshutdown$$0000000A)
    __rt_lib_shutdown_stdio_1                0x00000143   Thumb Code     0  libshutdown2.o(.ARM.Collect$$libshutdown$$00000004)
    __rt_lib_shutdown_user_alloc_1           0x00000143   Thumb Code     0  libshutdown2.o(.ARM.Collect$$libshutdown$$0000000C)
    __rt_entry                               0x00000145   Thumb Code     0  __rtentry.o(.ARM.Collect$$rtentry$$00000000)
    __rt_entry_presh_1                       0x00000145   Thumb Code     0  __rtentry2.o(.ARM.Collect$$rtentry$$00000002)
    __rt_entry_sh                            0x00000145   Thumb Code     0  __rtentry4.o(.ARM.Collect$$rtentry$$00000004)
    __rt_entry_li                            0x0000014b   Thumb Code     0  __rtentry2.o(.ARM.Collect$$rtentry$$0000000A)
    __rt_entry_postsh_1                      0x0000014b   Thumb Code     0  __rtentry2.o(.ARM.Collect$$rtentry$$00000009)
    __rt_entry_postli_1                      0x0000014f   Thumb Code     0  __rtentry2.o(.ARM.Collect$$rtentry$$0000000B)
    __rt_entry_main                          0x00000157   Thumb Code     0  __rtentry2.o(.ARM.Collect$$rtentry$$0000000D)
    __rt_exit                                0x0000015f   Thumb Code     0  rtexit.o(.ARM.Collect$$rtexit$$00000000)
    __rt_exit_ls                             0x00000161   Thumb Code     0  rtexit2.o(.ARM.Collect$$rtexit$$00000003)
    __rt_exit_prels_1                        0x00000161   Thumb Code     0  rtexit2.o(.ARM.Collect$$rtexit$$00000002)
    __rt_exit_exit                           0x00000165   Thumb Code     0  rtexit2.o(.ARM.Collect$$rtexit$$00000004)
    _platform_post_lib_init                  0x0000016d   Thumb Code    24  rtx_conf_cm.o(.emb_text)
    rt_set_PSP                               0x00000189   Thumb Code     6  hal_cm0.o(.emb_text)
    rt_get_PSP                               0x0000018f   Thumb Code     6  hal_cm0.o(.emb_text)
    os_set_env                               0x00000195   Thumb Code    32  hal_cm0.o(.emb_text)
    _alloc_box                               0x000001b9   Thumb Code    28  hal_cm0.o(.emb_text)
    _free_box                                0x000001d9   Thumb Code    28  hal_cm0.o(.emb_text)
    SVC_Handler                              0x000001f9   Thumb Code   136  hal_cm0.o(.emb_text)
    PendSV_Handler                           0x0000028d   Thumb Code    72  hal_cm0.o(.emb_text)
    SysTick_Handler                          0x000002d9   Thumb Code     8  hal_cm0.o(.emb_text)
    OS_Tick_Handler                          0x000002e1   Thumb Code    12  hal_cm0.o(.emb_text)
    Reset_Handler                            0x000002ed   Thumb Code    12  startup_mkl25z4.o(.text)
    NMI_Handler                              0x000002f9   Thumb Code     2  startup_mkl25z4.o(.text)
    HardFault_Handler                        0x000002fb   Thumb Code     2  startup_mkl25z4.o(.text)
    ADC0_IRQHandler                          0x00000303   Thumb Code     0  startup_mkl25z4.o(.text)
    CMP0_IRQHandler                          0x00000303   Thumb Code     0  startup_mkl25z4.o(.text)
    DAC0_IRQHandler                          0x00000303   Thumb Code     0  startup_mkl25z4.o(.text)
    DMA0_IRQHandler                          0x00000303   Thumb Code     0  startup_mkl25z4.o(.text)
    DMA1_IRQHandler                          0x00000303   Thumb Code     0  startup_mkl25z4.o(.text)
    DMA2_IRQHandler                          0x00000303   Thumb Code     0  startup_mkl25z4.o(.text)
    DMA3_IRQHandler                          0x00000303   Thumb Code     0  startup_mkl25z4.o(.text)
    DefaultISR                               0x00000303   Thumb Code     0  startup_mkl25z4.o(.text)
    FTFA_IRQHandler                          0x00000303   Thumb Code     0  startup_mkl25z4.o(.text)
    I2C0_IRQHandler                          0x00000303   Thumb Code     0  startup_mkl25z4.o(.text)
    I2C1_IRQHandler                          0x00000303   Thumb Code     0  startup_mkl25z4.o(.text)
    LLWU_IRQHandler                          0x00000303   Thumb Code     0  startup_mkl25z4.o(.text)
    LPTMR0_IRQHandler                        0x00000303   Thumb Code     0  startup_mkl25z4.o(.text)
    LVD_LVW_IRQHandler                       0x00000303   Thumb Code     0  startup_mkl25z4.o(.text)
    MCG_IRQHandler                           0x00000303   Thumb Code     0  startup_mkl25z4.o(.text)
    PIT_IRQHandler                           0x00000303   Thumb Code     0  startup_mkl25z4.o(.text)
    PORTA_IRQHandler                         0x00000303   Thumb Code     0  startup_mkl25z4.o(.text)
    PORTD_IRQHandler                         0x00000303   Thumb Code     0  startup_mkl25z4.o(.text)
    RTC_IRQHandler                           0x00000303   Thumb Code     0  startup_mkl25z4.o(.text)
    RTC_Seconds_IRQHandler                   0x00000303   Thumb Code     0  startup_mkl25z4.o(.text)
    Reserved20_IRQHandler                    0x00000303   Thumb Code     0  startup_mkl25z4.o(.text)
    Reserved39_IRQHandler                    0x00000303   Thumb Code     0  startup_mkl25z4.o(.text)
    Reserved45_IRQHandler                    0x00000303   Thumb Code     0  startup_mkl25z4.o(.text)
    SPI0_IRQHandler                          0x00000303   Thumb Code     0  startup_mkl25z4.o(.text)
    SPI1_IRQHandler                          0x00000303   Thumb Code     0  startup_mkl25z4.o(.text)
    TPM0_IRQHandler                          0x00000303   Thumb Code     0  startup_mkl25z4.o(.text)
    TPM1_IRQHandler                          0x00000303   Thumb Code     0  startup_mkl25z4.o(.text)
    TPM2_IRQHandler                          0x00000303   Thumb Code     0  startup_mkl25z4.o(.text)
    TSI0_IRQHandler                          0x00000303   Thumb Code     0  startup_mkl25z4.o(.text)
    UART0_IRQHandler                         0x00000303   Thumb Code     0  startup_mkl25z4.o(.text)
    UART1_IRQHandler                         0x00000303   Thumb Code     0  startup_mkl25z4.o(.text)
    UART2_IRQHandler                         0x00000303   Thumb Code     0  startup_mkl25z4.o(.text)
    USB0_IRQHandler                          0x00000303   Thumb Code     0  startup_mkl25z4.o(.text)
    __user_initial_stackheap                 0x00000309   Thumb Code     0  startup_mkl25z4.o(.text)
    __user_libspace                          0x0000032d   Thumb Code     8  libspace.o(.text)
    __user_perproc_libspace                  0x0000032d   Thumb Code     0  libspace.o(.text)
    exit                                     0x00000335   Thumb Code    16  exit.o(.text)
    __use_two_region_memory                  0x00000345   Thumb Code     2  heapauxi.o(.text)
    __rt_heap_escrow$2region                 0x00000347   Thumb Code     2  heapauxi.o(.text)
    __rt_heap_expand$2region                 0x00000349   Thumb Code     2  heapauxi.o(.text)
    _sys_exit                                0x0000034d   Thumb Code     8  sys_exit.o(.text)
    __user_setup_stackheap                   0x00000359   Thumb Code    62  sys_stackheap_outer.o(.text)
    __I$use$semihosting                      0x00000397   Thumb Code     0  use_no_semi.o(.text)
    __use_no_semihosting_swi                 0x00000397   Thumb Code     2  use_no_semi.o(.text)
    SVC_Count                                0x00000398   Data           4  svc_table.o(SVC_TABLE)
    __semihosting_library_function           0x00000399   Thumb Code     0  indicate_semi.o(.text)
    LED_init                                 0x0000039d   Thumb Code    64  main.o(i.LED_init)
    SVC_Table                                0x0000039c   Data           0  svc_table.o(SVC_TABLE)
    SystemInit                               0x000003e5   Thumb Code     8  system_mkl25z4.o(i.SystemInit)
    isr_mbx_send                             0x000003f1   Thumb Code    12  rt_mailbox.o(i.isr_mbx_send)
    os_idle_demon                            0x000003fd   Thumb Code     4  rtx_conf_cm.o(i.os_idle_demon)
    __aeabi_uidiv                            0x00000411   Thumb Code     0  aeabi_sdiv.o(.text)
    __aeabi_uidivmod                         0x00000411   Thumb Code    20  aeabi_sdiv.o(.text)
    __aeabi_idiv                             0x00000425   Thumb Code     0  aeabi_sdiv.o(.text)
    __aeabi_idivmod                          0x00000425   Thumb Code   326  aeabi_sdiv.o(.text)
    __RL_RTX_VER                             0x00000482   Number         0  rt_system.o ABSOLUTE
    _init_box                                0x0000056b   Thumb Code    72  rt_membox.o(i._init_box)
    _mutex_acquire                           0x000005b5   Thumb Code    22  rtx_conf_cm.o(i._mutex_acquire)
    _mutex_release                           0x000005d9   Thumb Code    20  rtx_conf_cm.o(i._mutex_release)
    board_LED_init                           0x000005f5   Thumb Code   154  main.o(i.board_LED_init)
    initialize_board                         0x0000069d   Thumb Code    30  main.o(i.initialize_board)
    isrMessageGet                            0x000006c1   Thumb Code    46  rt_cmsis.o(i.isrMessageGet)
    isrMessagePut                            0x000006ef   Thumb Code    48  rt_cmsis.o(i.isrMessagePut)
    isr_mbx_receive                          0x0000071f   Thumb Code    76  rt_mailbox.o(i.isr_mbx_receive)
    main                                     0x0000076d   Thumb Code    44  main.o(i.main)
    osKernelInitialize                       0x0000079d   Thumb Code    36  rt_cmsis.o(i.osKernelInitialize)
    osKernelStart                            0x000007c5   Thumb Code   100  rt_cmsis.o(i.osKernelStart)
    osMessageGet                             0x00000831   Thumb Code    24  rt_cmsis.o(i.osMessageGet)
    osThreadCreate                           0x0000084d   Thumb Code    44  rt_cmsis.o(i.osThreadCreate)
    osThreadExit                             0x00000881   Thumb Code    14  rt_cmsis.o(i.osThreadExit)
    osTimerCall                              0x00000899   Thumb Code    10  rt_cmsis.o(i.osTimerCall)
    osTimerThread                            0x000008a9   Thumb Code    38  rt_cmsis.o(i.osTimerThread)
    os_error                                 0x000008d5   Thumb Code    34  rtx_conf_cm.o(i.os_error)
    os_tick_init                             0x000008f9   Thumb Code    32  rt_system.o(i.os_tick_init)
    os_tick_irqack                           0x00000925   Thumb Code     2  rt_system.o(i.os_tick_irqack)
    rt_alloc_box                             0x00000927   Thumb Code    30  rt_membox.o(i.rt_alloc_box)
    rt_alloc_mem                             0x00000945   Thumb Code    66  rt_memory.o(i.rt_alloc_mem)
    rt_block                                 0x00000989   Thumb Code    42  rt_task.o(i.rt_block)
    rt_chk_robin                             0x000009c1   Thumb Code    56  rt_robin.o(i.rt_chk_robin)
    rt_dec_dly                               0x00000a05   Thumb Code   108  rt_list.o(i.rt_dec_dly)
    rt_dispatch                              0x00000a79   Thumb Code    56  rt_task.o(i.rt_dispatch)
    rt_evt_psh                               0x00000ab9   Thumb Code    74  rt_event.o(i.rt_evt_psh)
    rt_free_box                              0x00000b09   Thumb Code    38  rt_membox.o(i.rt_free_box)
    rt_free_mem                              0x00000b2f   Thumb Code    48  rt_memory.o(i.rt_free_mem)
    rt_get_first                             0x00000b5f   Thumb Code    42  rt_list.o(i.rt_get_first)
    rt_init_mem                              0x00000bd9   Thumb Code    28  rt_memory.o(i.rt_init_mem)
    rt_init_robin                            0x00000bf5   Thumb Code    14  rt_robin.o(i.rt_init_robin)
    rt_init_stack                            0x00000c0d   Thumb Code   106  hal_cm.o(i.rt_init_stack)
    rt_mbx_check                             0x00000c85   Thumb Code     8  rt_mailbox.o(i.rt_mbx_check)
    rt_mbx_init                              0x00000c8d   Thumb Code    30  rt_mailbox.o(i.rt_mbx_init)
    rt_mbx_psh                               0x00000cb1   Thumb Code   204  rt_mailbox.o(i.rt_mbx_psh)
    rt_mbx_wait                              0x00000d81   Thumb Code   170  rt_mailbox.o(i.rt_mbx_wait)
    rt_mut_release                           0x00000e75   Thumb Code   206  rt_mutex.o(i.rt_mut_release)
    rt_mut_wait                              0x00000f4d   Thumb Code   118  rt_mutex.o(i.rt_mut_wait)
    rt_pop_req                               0x00000fcd   Thumb Code   100  rt_system.o(i.rt_pop_req)
    rt_psh_req                               0x0000103d   Thumb Code    24  rt_system.o(i.rt_psh_req)
    rt_psq_enq                               0x0000105d   Thumb Code    60  rt_list.o(i.rt_psq_enq)
    rt_put_dly                               0x0000109d   Thumb Code    74  rt_list.o(i.rt_put_dly)
    rt_put_prio                              0x000010ed   Thumb Code    60  rt_list.o(i.rt_put_prio)
    rt_put_rdy_first                         0x00001129   Thumb Code    14  rt_list.o(i.rt_put_rdy_first)
    rt_resort_prio                           0x0000113d   Thumb Code    44  rt_list.o(i.rt_resort_prio)
    rt_ret_val                               0x0000116d   Thumb Code     6  hal_cm.o(i.rt_ret_val)
    rt_ret_val2                              0x00001173   Thumb Code     8  hal_cm.o(i.rt_ret_val2)
    rt_rmv_dly                               0x0000117b   Thumb Code    42  rt_list.o(i.rt_rmv_dly)
    rt_rmv_list                              0x000011a5   Thumb Code    46  rt_list.o(i.rt_rmv_list)
    rt_sem_psh                               0x000011d9   Thumb Code    48  rt_semaphore.o(i.rt_sem_psh)
    rt_stk_check                             0x0000120d   Thumb Code    30  rt_system.o(i.rt_stk_check)
    rt_switch_req                            0x00001235   Thumb Code    10  rt_task.o(i.rt_switch_req)
    rt_sys_init                              0x00001245   Thumb Code   134  rt_task.o(i.rt_sys_init)
    rt_sys_start                             0x0000130d   Thumb Code    82  rt_task.o(i.rt_sys_start)
    rt_systick                               0x00001371   Thumb Code    48  rt_system.o(i.rt_systick)
    rt_tsk_create                            0x000013f9   Thumb Code   106  rt_task.o(i.rt_tsk_create)
    rt_tsk_delete                            0x00001471   Thumb Code   318  rt_task.o(i.rt_tsk_delete)
    rt_tsk_prio                              0x000015c9   Thumb Code   112  rt_task.o(i.rt_tsk_prio)
    rt_tsk_self                              0x00001649   Thumb Code    12  rt_task.o(i.rt_tsk_self)
    set_LEDs                                 0x00001659   Thumb Code    94  main.o(i.set_LEDs)
    svcKernelInitialize                      0x000016bd   Thumb Code    86  rt_cmsis.o(i.svcKernelInitialize)
    svcKernelStart                           0x00001735   Thumb Code    66  rt_cmsis.o(i.svcKernelStart)
    svcMessageCreate                         0x00001781   Thumb Code    42  rt_cmsis.o(i.svcMessageCreate)
    svcMessageGet                            0x000017ab   Thumb Code    60  rt_cmsis.o(i.svcMessageGet)
    svcThreadCreate                          0x000017e9   Thumb Code   102  rt_cmsis.o(i.svcThreadCreate)
    svcThreadGetId                           0x0000185d   Thumb Code    22  rt_cmsis.o(i.svcThreadGetId)
    svcThreadTerminate                       0x00001879   Thumb Code    56  rt_cmsis.o(i.svcThreadTerminate)
    svcTimerCall                             0x000018b5   Thumb Code    28  rt_cmsis.o(i.svcTimerCall)
    switch_init                              0x000018d1   Thumb Code    60  main.o(i.switch_init)
    sysTimerTick                             0x00001915   Thumb Code    78  rt_cmsis.o(i.sysTimerTick)
    os_maxtaskrun                            0x0000196c   Data           2  rtx_conf_cm.o(.constdata)
    os_stackinfo                             0x00001970   Data           4  rtx_conf_cm.o(.constdata)
    os_rrobin                                0x00001974   Data           4  rtx_conf_cm.o(.constdata)
    os_tickfreq                              0x00001978   Data           4  rtx_conf_cm.o(.constdata)
    os_tickus_i                              0x0000197c   Data           2  rtx_conf_cm.o(.constdata)
    os_tickus_f                              0x0000197e   Data           2  rtx_conf_cm.o(.constdata)
    os_trv                                   0x00001980   Data           4  rtx_conf_cm.o(.constdata)
    os_flags                                 0x00001984   Data           1  rtx_conf_cm.o(.constdata)
    CMSIS_RTOS_API_Version                   0x00001988   Data           4  rtx_conf_cm.o(.constdata)
    CMSIS_RTOS_RTX_Version                   0x0000198c   Data           4  rtx_conf_cm.o(.constdata)
    os_clockrate                             0x00001990   Data           4  rtx_conf_cm.o(.constdata)
    os_timernum                              0x00001994   Data           4  rtx_conf_cm.o(.constdata)
    mp_tcb_size                              0x00001998   Data           2  rtx_conf_cm.o(.constdata)
    mp_stk_size                              0x0000199c   Data           4  rtx_conf_cm.o(.constdata)
    os_stack_sz                              0x000019a0   Data           4  rtx_conf_cm.o(.constdata)
    os_fifo_size                             0x000019a4   Data           1  rtx_conf_cm.o(.constdata)
    os_thread_def_osTimerThread              0x000019a8   Data          16  rtx_conf_cm.o(.constdata)
    os_messageQ_def_osTimerMessageQ          0x000019b8   Data           8  rtx_conf_cm.o(.constdata)
    mp_tmr_size                              0x000019c0   Data           2  rtx_conf_cm.o(.constdata)
    os_thread_def_main                       0x000019c4   Data          16  rtx_conf_cm.o(.constdata)
    Region$$Table$$Base                      0x000019d4   Number         0  anon$$obj.o(Region$$Table)
    Region$$Table$$Limit                     0x000019f4   Number         0  anon$$obj.o(Region$$Table)
    osThreadId_osTimerThread                 0x1ffff000   Data           4  rtx_conf_cm.o(.data)
    osMessageQId_osTimerMessageQ             0x1ffff004   Data           4  rtx_conf_cm.o(.data)
    os_tmr                                   0x1ffff008   Data           4  rtx_conf_cm.o(.data)
    m_tmr                                    0x1ffff00c   Data           4  rtx_conf_cm.o(.data)
    os_initialized                           0x1ffff014   Data           1  rt_cmsis.o(.data)
    os_running                               0x1ffff015   Data           1  rt_cmsis.o(.data)
    os_timer_head                            0x1ffff018   Data           4  rt_cmsis.o(.data)
    os_tsk                                   0x1ffff01c   Data           8  rt_task.o(.data)
    os_tick_irqn                             0x1ffff028   Data           4  rt_system.o(.data)
    os_time                                  0x1ffff02c   Data           4  rt_time.o(.data)
    os_robin                                 0x1ffff030   Data           8  rt_robin.o(.data)
    mp_tcb                                   0x1ffff038   Data         376  rtx_conf_cm.o(.bss)
    mp_stk                                   0x1ffff1b0   Data        1216  rtx_conf_cm.o(.bss)
    os_stack_mem                             0x1ffff670   Data         432  rtx_conf_cm.o(.bss)
    os_fifo                                  0x1ffff820   Data         132  rtx_conf_cm.o(.bss)
    os_active_TCB                            0x1ffff8a4   Data          28  rtx_conf_cm.o(.bss)
    os_messageQ_q_osTimerMessageQ            0x1ffff8c0   Data          32  rtx_conf_cm.o(.bss)
    os_idle_TCB                              0x1ffffc00   Data          52  rt_task.o(.bss)
    os_rdy                                   0x1ffffc34   Data          24  rt_list.o(.bss)
    os_dly                                   0x1ffffc4c   Data          24  rt_list.o(.bss)
    __libspace_start                         0x1ffffc64   Data          96  libspace.o(.bss)
    __temporary_stack_top$libspace           0x1ffffcc4   Data           0  libspace.o(.bss)



==============================================================================

Memory Map of the image

  Image Entry point : 0x000002ed

  Load Region LR_1 (Base: 0x00000000, Size: 0x00001a2c, Max: 0xffffffff, ABSOLUTE)

    Execution Region ER_RO (Exec base: 0x00000000, Load base: 0x00000000, Size: 0x000019f4, Max: 0xffffffff, ABSOLUTE)

    Exec Addr    Load Addr    Size         Type   Attr      Idx    E Section Name        Object

    0x00000000   0x00000000   0x000000c0   Data   RO          212    RESET               startup_mkl25z4.o
    0x000000c0   0x000000c0   0x00000008   Code   RO         1449  * !!!main             c_p.l(__main.o)
    0x000000c8   0x000000c8   0x0000003c   Code   RO         1616    !!!scatter          c_p.l(__scatter.o)
    0x00000104   0x00000104   0x0000001a   Code   RO         1618    !!handler_copy      c_p.l(__scatter_copy.o)
    0x0000011e   0x0000011e   0x00000002   PAD
    0x00000120   0x00000120   0x0000001c   Code   RO         1620    !!handler_zi        c_p.l(__scatter_zi.o)
    0x0000013c   0x0000013c   0x00000002   Code   RO         1501    .ARM.Collect$$libinit$$00000000  c_p.l(libinit.o)
    0x0000013e   0x0000013e   0x00000000   Code   RO         1514    .ARM.Collect$$libinit$$00000002  c_p.l(libinit2.o)
    0x0000013e   0x0000013e   0x00000000   Code   RO         1516    .ARM.Collect$$libinit$$00000004  c_p.l(libinit2.o)
    0x0000013e   0x0000013e   0x00000000   Code   RO         1519    .ARM.Collect$$libinit$$0000000A  c_p.l(libinit2.o)
    0x0000013e   0x0000013e   0x00000000   Code   RO         1521    .ARM.Collect$$libinit$$0000000C  c_p.l(libinit2.o)
    0x0000013e   0x0000013e   0x00000000   Code   RO         1523    .ARM.Collect$$libinit$$0000000E  c_p.l(libinit2.o)
    0x0000013e   0x0000013e   0x00000000   Code   RO         1526    .ARM.Collect$$libinit$$00000011  c_p.l(libinit2.o)
    0x0000013e   0x0000013e   0x00000000   Code   RO         1528    .ARM.Collect$$libinit$$00000013  c_p.l(libinit2.o)
    0x0000013e   0x0000013e   0x00000000   Code   RO         1530    .ARM.Collect$$libinit$$00000015  c_p.l(libinit2.o)
    0x0000013e   0x0000013e   0x00000000   Code   RO         1532    .ARM.Collect$$libinit$$00000017  c_p.l(libinit2.o)
    0x0000013e   0x0000013e   0x00000000   Code   RO         1534    .ARM.Collect$$libinit$$00000019  c_p.l(libinit2.o)
    0x0000013e   0x0000013e   0x00000000   Code   RO         1536    .ARM.Collect$$libinit$$0000001B  c_p.l(libinit2.o)
    0x0000013e   0x0000013e   0x00000000   Code   RO         1538    .ARM.Collect$$libinit$$0000001D  c_p.l(libinit2.o)
    0x0000013e   0x0000013e   0x00000000   Code   RO         1540    .ARM.Collect$$libinit$$0000001F  c_p.l(libinit2.o)
    0x0000013e   0x0000013e   0x00000000   Code   RO         1542    .ARM.Collect$$libinit$$00000021  c_p.l(libinit2.o)
    0x0000013e   0x0000013e   0x00000000   Code   RO         1544    .ARM.Collect$$libinit$$00000023  c_p.l(libinit2.o)
    0x0000013e   0x0000013e   0x00000000   Code   RO         1546    .ARM.Collect$$libinit$$00000025  c_p.l(libinit2.o)
    0x0000013e   0x0000013e   0x00000000   Code   RO         1550    .ARM.Collect$$libinit$$0000002C  c_p.l(libinit2.o)
    0x0000013e   0x0000013e   0x00000000   Code   RO         1552    .ARM.Collect$$libinit$$0000002E  c_p.l(libinit2.o)
    0x0000013e   0x0000013e   0x00000000   Code   RO         1554    .ARM.Collect$$libinit$$00000030  c_p.l(libinit2.o)
    0x0000013e   0x0000013e   0x00000000   Code   RO         1556    .ARM.Collect$$libinit$$00000032  c_p.l(libinit2.o)
    0x0000013e   0x0000013e   0x00000002   Code   RO         1557    .ARM.Collect$$libinit$$00000033  c_p.l(libinit2.o)
    0x00000140   0x00000140   0x00000002   Code   RO         1502    .ARM.Collect$$libshutdown$$00000000  c_p.l(libshutdown.o)
    0x00000142   0x00000142   0x00000000   Code   RO         1559    .ARM.Collect$$libshutdown$$00000002  c_p.l(libshutdown2.o)
    0x00000142   0x00000142   0x00000000   Code   RO         1561    .ARM.Collect$$libshutdown$$00000004  c_p.l(libshutdown2.o)
    0x00000142   0x00000142   0x00000000   Code   RO         1564    .ARM.Collect$$libshutdown$$00000007  c_p.l(libshutdown2.o)
    0x00000142   0x00000142   0x00000000   Code   RO         1567    .ARM.Collect$$libshutdown$$0000000A  c_p.l(libshutdown2.o)
    0x00000142   0x00000142   0x00000000   Code   RO         1569    .ARM.Collect$$libshutdown$$0000000C  c_p.l(libshutdown2.o)
    0x00000142   0x00000142   0x00000000   Code   RO         1572    .ARM.Collect$$libshutdown$$0000000F  c_p.l(libshutdown2.o)
    0x00000142   0x00000142   0x00000002   Code   RO         1573    .ARM.Collect$$libshutdown$$00000010  c_p.l(libshutdown2.o)
    0x00000144   0x00000144   0x00000000   Code   RO         1451    .ARM.Collect$$rtentry$$00000000  c_p.l(__rtentry.o)
    0x00000144   0x00000144   0x00000000   Code   RO         1463    .ARM.Collect$$rtentry$$00000002  c_p.l(__rtentry2.o)
    0x00000144   0x00000144   0x00000006   Code   RO         1475    .ARM.Collect$$rtentry$$00000004  c_p.l(__rtentry4.o)
    0x0000014a   0x0000014a   0x00000000   Code   RO         1465    .ARM.Collect$$rtentry$$00000009  c_p.l(__rtentry2.o)
    0x0000014a   0x0000014a   0x00000004   Code   RO         1466    .ARM.Collect$$rtentry$$0000000A  c_p.l(__rtentry2.o)
    0x0000014e   0x0000014e   0x00000008   Code   RO         1467    .ARM.Collect$$rtentry$$0000000B  c_p.l(__rtentry2.o)
    0x00000156   0x00000156   0x00000008   Code   RO         1469    .ARM.Collect$$rtentry$$0000000D  c_p.l(__rtentry2.o)
    0x0000015e   0x0000015e   0x00000002   Code   RO         1452    .ARM.Collect$$rtexit$$00000000  c_p.l(rtexit.o)
    0x00000160   0x00000160   0x00000000   Code   RO         1478    .ARM.Collect$$rtexit$$00000002  c_p.l(rtexit2.o)
    0x00000160   0x00000160   0x00000004   Code   RO         1479    .ARM.Collect$$rtexit$$00000003  c_p.l(rtexit2.o)
    0x00000164   0x00000164   0x00000006   Code   RO         1480    .ARM.Collect$$rtexit$$00000004  c_p.l(rtexit2.o)
    0x0000016a   0x0000016a   0x00000002   PAD
    0x0000016c   0x0000016c   0x0000001c   Code   RO          149    .emb_text           rtx_conf_cm.o
    0x00000188   0x00000188   0x00000164   Code   RO         1421    .emb_text           RTX_CM0.lib(hal_cm0.o)
    0x000002ec   0x000002ec   0x00000040   Code   RO          214  * .text               startup_mkl25z4.o
    0x0000032c   0x0000032c   0x00000008   Code   RO         1436    .text               c_p.l(libspace.o)
    0x00000334   0x00000334   0x00000010   Code   RO         1441    .text               c_p.l(exit.o)
    0x00000344   0x00000344   0x00000006   Code   RO         1447    .text               c_p.l(heapauxi.o)
    0x0000034a   0x0000034a   0x00000002   PAD
    0x0000034c   0x0000034c   0x0000000c   Code   RO         1486    .text               c_p.l(sys_exit.o)
    0x00000358   0x00000358   0x0000003e   Code   RO         1488    .text               c_p.l(sys_stackheap_outer.o)
    0x00000396   0x00000396   0x00000002   Code   RO         1503    .text               c_p.l(use_no_semi.o)
    0x00000398   0x00000398   0x00000000   Code   RO         1505    .text               c_p.l(indicate_semi.o)
    0x00000398   0x00000398   0x00000004   Code   RO         1431    SVC_TABLE           RTX_CM0.lib(svc_table.o)
    0x0000039c   0x0000039c   0x00000048   Code   RO            3    i.LED_init          main.o
    0x000003e4   0x000003e4   0x0000000c   Code   RO          223    i.SystemInit        system_mkl25z4.o
    0x000003f0   0x000003f0   0x0000000c   Code   RO         1200    i.isr_mbx_send      RTX_CM0.lib(rt_mailbox.o)
    0x000003fc   0x000003fc   0x00000004   Code   RO          155    i.os_idle_demon     rtx_conf_cm.o
    0x00000400   0x00000400   0x00000010   Code   RO          213    .ARM.__at_0x400     startup_mkl25z4.o
    0x00000410   0x00000410   0x0000015a   Code   RO         1443    .text               c_p.l(aeabi_sdiv.o)
    0x0000056a   0x0000056a   0x00000048   Code   RO         1344    i._init_box         RTX_CM0.lib(rt_membox.o)
    0x000005b2   0x000005b2   0x00000002   PAD
    0x000005b4   0x000005b4   0x00000024   Code   RO          151    i._mutex_acquire    rtx_conf_cm.o
    0x000005d8   0x000005d8   0x0000001c   Code   RO          153    i._mutex_release    rtx_conf_cm.o
    0x000005f4   0x000005f4   0x000000a8   Code   RO            4    i.board_LED_init    main.o
    0x0000069c   0x0000069c   0x00000024   Code   RO            7    i.initialize_board  main.o
    0x000006c0   0x000006c0   0x0000002e   Code   RO          254    i.isrMessageGet     RTX_CM0.lib(rt_cmsis.o)
    0x000006ee   0x000006ee   0x00000030   Code   RO          255    i.isrMessagePut     RTX_CM0.lib(rt_cmsis.o)
    0x0000071e   0x0000071e   0x0000004c   Code   RO         1199    i.isr_mbx_receive   RTX_CM0.lib(rt_mailbox.o)
    0x0000076a   0x0000076a   0x00000002   PAD
    0x0000076c   0x0000076c   0x00000030   Code   RO            8    i.main              main.o
    0x0000079c   0x0000079c   0x00000028   Code   RO          259    i.osKernelInitialize  RTX_CM0.lib(rt_cmsis.o)
    0x000007c4   0x000007c4   0x0000006c   Code   RO          261    i.osKernelStart     RTX_CM0.lib(rt_cmsis.o)
    0x00000830   0x00000830   0x0000001c   Code   RO          270    i.osMessageGet      RTX_CM0.lib(rt_cmsis.o)
    0x0000084c   0x0000084c   0x00000034   Code   RO          287    i.osThreadCreate    RTX_CM0.lib(rt_cmsis.o)
    0x00000880   0x00000880   0x00000018   Code   RO          288    i.osThreadExit      RTX_CM0.lib(rt_cmsis.o)
    0x00000898   0x00000898   0x00000010   Code   RO          294    i.osTimerCall       RTX_CM0.lib(rt_cmsis.o)
    0x000008a8   0x000008a8   0x0000002c   Code   RO          299    i.osTimerThread     RTX_CM0.lib(rt_cmsis.o)
    0x000008d4   0x000008d4   0x00000022   Code   RO          154    i.os_error          rtx_conf_cm.o
    0x000008f6   0x000008f6   0x00000002   PAD
    0x000008f8   0x000008f8   0x0000002c   Code   RO          991    i.os_tick_init      RTX_CM0.lib(rt_system.o)
    0x00000924   0x00000924   0x00000002   Code   RO          992    i.os_tick_irqack    RTX_CM0.lib(rt_system.o)
    0x00000926   0x00000926   0x0000001e   Code   RO         1345    i.rt_alloc_box      RTX_CM0.lib(rt_membox.o)
    0x00000944   0x00000944   0x00000042   Code   RO         1373    i.rt_alloc_mem      RTX_CM0.lib(rt_memory.o)
    0x00000986   0x00000986   0x00000002   PAD
    0x00000988   0x00000988   0x00000038   Code   RO          872    i.rt_block          RTX_CM0.lib(rt_task.o)
    0x000009c0   0x000009c0   0x00000044   Code   RO         1322    i.rt_chk_robin      RTX_CM0.lib(rt_robin.o)
    0x00000a04   0x00000a04   0x00000074   Code   RO         1123    i.rt_dec_dly        RTX_CM0.lib(rt_list.o)
    0x00000a78   0x00000a78   0x00000040   Code   RO          873    i.rt_dispatch       RTX_CM0.lib(rt_task.o)
    0x00000ab8   0x00000ab8   0x00000050   Code   RO         1084    i.rt_evt_psh        RTX_CM0.lib(rt_event.o)
    0x00000b08   0x00000b08   0x00000026   Code   RO         1346    i.rt_free_box       RTX_CM0.lib(rt_membox.o)
    0x00000b2e   0x00000b2e   0x00000030   Code   RO         1374    i.rt_free_mem       RTX_CM0.lib(rt_memory.o)
    0x00000b5e   0x00000b5e   0x0000002a   Code   RO         1124    i.rt_get_first      RTX_CM0.lib(rt_list.o)
    0x00000b88   0x00000b88   0x00000008   Code   RO          304    i.rt_id2obj         RTX_CM0.lib(rt_cmsis.o)
    0x00000b90   0x00000b90   0x00000048   Code   RO          874    i.rt_init_context   RTX_CM0.lib(rt_task.o)
    0x00000bd8   0x00000bd8   0x0000001c   Code   RO         1375    i.rt_init_mem       RTX_CM0.lib(rt_memory.o)
    0x00000bf4   0x00000bf4   0x00000018   Code   RO         1323    i.rt_init_robin     RTX_CM0.lib(rt_robin.o)
    0x00000c0c   0x00000c0c   0x00000078   Code   RO         1397    i.rt_init_stack     RTX_CM0.lib(hal_cm.o)
    0x00000c84   0x00000c84   0x00000008   Code   RO         1201    i.rt_mbx_check      RTX_CM0.lib(rt_mailbox.o)
    0x00000c8c   0x00000c8c   0x00000024   Code   RO         1202    i.rt_mbx_init       RTX_CM0.lib(rt_mailbox.o)
    0x00000cb0   0x00000cb0   0x000000d0   Code   RO         1203    i.rt_mbx_psh        RTX_CM0.lib(rt_mailbox.o)
    0x00000d80   0x00000d80   0x000000b0   Code   RO         1205    i.rt_mbx_wait       RTX_CM0.lib(rt_mailbox.o)
    0x00000e30   0x00000e30   0x00000044   Code   RO          305    i.rt_ms2tick        RTX_CM0.lib(rt_cmsis.o)
    0x00000e74   0x00000e74   0x000000d8   Code   RO          958    i.rt_mut_release    RTX_CM0.lib(rt_mutex.o)
    0x00000f4c   0x00000f4c   0x00000080   Code   RO          959    i.rt_mut_wait       RTX_CM0.lib(rt_mutex.o)
    0x00000fcc   0x00000fcc   0x00000070   Code   RO          995    i.rt_pop_req        RTX_CM0.lib(rt_system.o)
    0x0000103c   0x0000103c   0x00000020   Code   RO          996    i.rt_psh_req        RTX_CM0.lib(rt_system.o)
    0x0000105c   0x0000105c   0x00000040   Code   RO         1126    i.rt_psq_enq        RTX_CM0.lib(rt_list.o)
    0x0000109c   0x0000109c   0x00000050   Code   RO         1127    i.rt_put_dly        RTX_CM0.lib(rt_list.o)
    0x000010ec   0x000010ec   0x0000003c   Code   RO         1128    i.rt_put_prio       RTX_CM0.lib(rt_list.o)
    0x00001128   0x00001128   0x00000014   Code   RO         1129    i.rt_put_rdy_first  RTX_CM0.lib(rt_list.o)
    0x0000113c   0x0000113c   0x00000030   Code   RO         1130    i.rt_resort_prio    RTX_CM0.lib(rt_list.o)
    0x0000116c   0x0000116c   0x00000006   Code   RO         1398    i.rt_ret_val        RTX_CM0.lib(hal_cm.o)
    0x00001172   0x00001172   0x00000008   Code   RO         1399    i.rt_ret_val2       RTX_CM0.lib(hal_cm.o)
    0x0000117a   0x0000117a   0x0000002a   Code   RO         1131    i.rt_rmv_dly        RTX_CM0.lib(rt_list.o)
    0x000011a4   0x000011a4   0x00000034   Code   RO         1132    i.rt_rmv_list       RTX_CM0.lib(rt_list.o)
    0x000011d8   0x000011d8   0x00000034   Code   RO         1250    i.rt_sem_psh        RTX_CM0.lib(rt_semaphore.o)
    0x0000120c   0x0000120c   0x00000028   Code   RO          998    i.rt_stk_check      RTX_CM0.lib(rt_system.o)
    0x00001234   0x00001234   0x00000010   Code   RO          875    i.rt_switch_req     RTX_CM0.lib(rt_task.o)
    0x00001244   0x00001244   0x000000c8   Code   RO          876    i.rt_sys_init       RTX_CM0.lib(rt_task.o)
    0x0000130c   0x0000130c   0x00000064   Code   RO          877    i.rt_sys_start      RTX_CM0.lib(rt_task.o)
    0x00001370   0x00001370   0x0000003c   Code   RO         1000    i.rt_systick        RTX_CM0.lib(rt_system.o)
    0x000013ac   0x000013ac   0x00000012   Code   RO          306    i.rt_tid2ptcb       RTX_CM0.lib(rt_cmsis.o)
    0x000013be   0x000013be   0x00000002   PAD
    0x000013c0   0x000013c0   0x00000038   Code   RO          307    i.rt_timer_insert   RTX_CM0.lib(rt_cmsis.o)
    0x000013f8   0x000013f8   0x00000078   Code   RO          878    i.rt_tsk_create     RTX_CM0.lib(rt_task.o)
    0x00001470   0x00001470   0x00000158   Code   RO          879    i.rt_tsk_delete     RTX_CM0.lib(rt_task.o)
    0x000015c8   0x000015c8   0x00000080   Code   RO          881    i.rt_tsk_prio       RTX_CM0.lib(rt_task.o)
    0x00001648   0x00001648   0x00000010   Code   RO          882    i.rt_tsk_self       RTX_CM0.lib(rt_task.o)
    0x00001658   0x00001658   0x00000064   Code   RO            9    i.set_LEDs          main.o
    0x000016bc   0x000016bc   0x00000078   Code   RO          310    i.svcKernelInitialize  RTX_CM0.lib(rt_cmsis.o)
    0x00001734   0x00001734   0x0000004c   Code   RO          312    i.svcKernelStart    RTX_CM0.lib(rt_cmsis.o)
    0x00001780   0x00001780   0x0000002a   Code   RO          315    i.svcMessageCreate  RTX_CM0.lib(rt_cmsis.o)
    0x000017aa   0x000017aa   0x0000003c   Code   RO          316    i.svcMessageGet     RTX_CM0.lib(rt_cmsis.o)
    0x000017e6   0x000017e6   0x00000002   PAD
    0x000017e8   0x000017e8   0x00000074   Code   RO          330    i.svcThreadCreate   RTX_CM0.lib(rt_cmsis.o)
    0x0000185c   0x0000185c   0x0000001c   Code   RO          331    i.svcThreadGetId    RTX_CM0.lib(rt_cmsis.o)
    0x00001878   0x00001878   0x0000003c   Code   RO          334    i.svcThreadTerminate  RTX_CM0.lib(rt_cmsis.o)
    0x000018b4   0x000018b4   0x0000001c   Code   RO          336    i.svcTimerCall      RTX_CM0.lib(rt_cmsis.o)
    0x000018d0   0x000018d0   0x00000044   Code   RO           10    i.switch_init       main.o
    0x00001914   0x00001914   0x00000058   Code   RO          345    i.sysTimerTick      RTX_CM0.lib(rt_cmsis.o)
    0x0000196c   0x0000196c   0x00000068   Data   RO          157    .constdata          rtx_conf_cm.o
    0x000019d4   0x000019d4   0x00000020   Data   RO         1614    Region$$Table       anon$$obj.o


    Execution Region ER_RW (Exec base: 0x1ffff000, Load base: 0x000019f4, Size: 0x00000038, Max: 0xffffffff, ABSOLUTE)

    Exec Addr    Load Addr    Size         Type   Attr      Idx    E Section Name        Object

    0x1ffff000   0x000019f4   0x00000014   Data   RW          158    .data               rtx_conf_cm.o
    0x1ffff014   0x00001a08   0x00000008   Data   RW          348    .data               RTX_CM0.lib(rt_cmsis.o)
    0x1ffff01c   0x00001a10   0x00000008   Data   RW          884    .data               RTX_CM0.lib(rt_task.o)
    0x1ffff024   0x00001a18   0x00000008   Data   RW         1003    .data               RTX_CM0.lib(rt_system.o)
    0x1ffff02c   0x00001a20   0x00000004   Data   RW         1293    .data               RTX_CM0.lib(rt_time.o)
    0x1ffff030   0x00001a24   0x00000008   Data   RW         1324    .data               RTX_CM0.lib(rt_robin.o)


    Execution Region ER_ZI (Exec base: 0x1ffff038, Load base: 0x00001a2c, Size: 0x00000d90, Max: 0xffffffff, ABSOLUTE)

    Exec Addr    Load Addr    Size         Type   Attr      Idx    E Section Name        Object

    0x1ffff038        -       0x00000bc8   Zero   RW          156    .bss                rtx_conf_cm.o
    0x1ffffc00        -       0x00000034   Zero   RW          883    .bss                RTX_CM0.lib(rt_task.o)
    0x1ffffc34        -       0x00000030   Zero   RW         1133    .bss                RTX_CM0.lib(rt_list.o)
    0x1ffffc64        -       0x00000060   Zero   RW         1437    .bss                c_p.l(libspace.o)
    0x1ffffcc4   0x00001a2c   0x00000004   PAD
    0x1ffffcc8        -       0x00000000   Zero   RW          211    HEAP                startup_mkl25z4.o
    0x1ffffcc8        -       0x00000100   Zero   RW          210    STACK               startup_mkl25z4.o


==============================================================================

Image component sizes


      Code (inc. data)   RO Data    RW Data    ZI Data      Debug   Object Name

       492         46          0          0          0       7263   main.o
       130         28        104         20       3016       8979   rtx_conf_cm.o
        80         44        192          0        256        828   startup_mkl25z4.o
        12          4          0          0          0        413   system_mkl25z4.o

    ----------------------------------------------------------------------
       716        122        328         20       3272      17483   Object Totals
         0          0         32          0          0          0   (incl. Generated)
         2          0          0          0          0          0   (incl. Padding)

    ----------------------------------------------------------------------

      Code (inc. data)   RO Data    RW Data    ZI Data      Debug   Library Member Name

       134         14          0          0          0       1687   hal_cm.o
       356         40          0          0          0        840   hal_cm0.o
      1174        140          0          8          0      30609   rt_cmsis.o
        80          6          0          0          0        629   rt_event.o
       524         34          0          0         48       8081   rt_list.o
       516         16          0          0          0       3837   rt_mailbox.o
       140          0          0          0          0       1957   rt_membox.o
       142          0          0          0          0       2315   rt_memory.o
       344         20          0          0          0       1619   rt_mutex.o
        92         22          0          8          0       1126   rt_robin.o
        52          4          0          0          0        553   rt_semaphore.o
       290         54          0          8          0       6039   rt_system.o
      1116        178          0          8         52       9253   rt_task.o
         0          0          0          4          0        214   rt_time.o
         4          4          0          0          0        208   svc_table.o
         8          0          0          0          0         68   __main.o
         0          0          0          0          0          0   __rtentry.o
        20          0          0          0          0          0   __rtentry2.o
         6          0          0          0          0          0   __rtentry4.o
        60          8          0          0          0          0   __scatter.o
        26          0          0          0          0          0   __scatter_copy.o
        28          0          0          0          0          0   __scatter_zi.o
       346          0          0          0          0         92   aeabi_sdiv.o
        16          0          0          0          0         68   exit.o
         6          0          0          0          0        136   heapauxi.o
         0          0          0          0          0          0   indicate_semi.o
         2          0          0          0          0          0   libinit.o
         2          0          0          0          0          0   libinit2.o
         2          0          0          0          0          0   libshutdown.o
         2          0          0          0          0          0   libshutdown2.o
         8          4          0          0         96         68   libspace.o
         2          0          0          0          0          0   rtexit.o
        10          0          0          0          0          0   rtexit2.o
        12          4          0          0          0         60   sys_exit.o
        62          0          0          0          0         80   sys_stackheap_outer.o
         2          0          0          0          0         68   use_no_semi.o

    ----------------------------------------------------------------------
      5600        548          0         36        200      69607   Library Totals
        16          0          0          0          4          0   (incl. Padding)

    ----------------------------------------------------------------------

      Code (inc. data)   RO Data    RW Data    ZI Data      Debug   Library Name

      4964        532          0         36        100      68967   RTX_CM0.lib
       620         16          0          0         96        640   c_p.l

    ----------------------------------------------------------------------
      5600        548          0         36        200      69607   Library Totals

    ----------------------------------------------------------------------

==============================================================================


      Code (inc. data)   RO Data    RW Data    ZI Data      Debug   

      6316        670        328         56       3472      83674   Grand Totals
      6316        670        328         56       3472      83674   ELF Image Totals
      6316        670        328         56          0          0   ROM Totals

==============================================================================

    Total RO  Size (Code + RO Data)                 6644 (   6.49kB)
    Total RW  Size (RW Data + ZI Data)              3528 (   3.45kB)
    Total ROM Size (Code + RO Data + RW Data)       6700 (   6.54kB)

==============================================================================

